// Jest Snapshot v1, https://goo.gl/fbAQLP

exports[`About Bolton Kendo Dojo should render correctly 1`] = `
ShallowWrapper {
  Symbol(enzyme.__root__): [Circular],
  Symbol(enzyme.__unrendered__): <About
    club={
      Object {
        "club": Array [
          Object {
            "__v": 9,
            "_id": "5b96fdds7463ea1d37be8751b7",
            "about": "Some History",
            "addresses": Array [
              Object {
                "_id": "5b9egfd516aa75c12041f5c6b",
                "address1": "School",
                "address2": "Church Street",
                "address3": "Anywhere",
                "address4": "Trumpton",
                "postcode": "TR35YG",
              },
            ],
            "clubHistory": "History of the club 
",
            "clubName": "Test Club",
            "contacts": Array [
              Object {
                "_id": "5b9eb4ca222bdb0dfcec0a72",
                "email": "tbobe@dr.com",
                "name": "T Bone Walker",
                "telephoneNumber": "764554 453457",
              },
            ],
            "practices": Array [
              Object {
                "_id": "5b9ebf390e03gfgfdg0fe4db8544",
                "time": "Sunday 10:00am - 12:00pm (2 Hours)",
                "venue": "Room",
              },
            ],
            "videos": Array [
              Object {
                "videoId": "8Ea2ih7uNW4",
              },
              Object {
                "videoId": "oZ3M3mbWZ9A",
              },
              Object {
                "videoId": "Q4SHWXQBVL4",
              },
            ],
          },
        ],
      }
    }
  />,
  Symbol(enzyme.__renderer__): Object {
    "batchedUpdates": [Function],
    "checkPropTypes": [Function],
    "getNode": [Function],
    "render": [Function],
    "simulateError": [Function],
    "simulateEvent": [Function],
    "unmount": [Function],
  },
  Symbol(enzyme.__node__): Object {
    "instance": null,
    "key": undefined,
    "nodeType": "host",
    "props": Object {
      "children": <div>
        <div
          className="about-map-section"
        >
          <div
            className="about-header"
          >
            <div
              className="about-section"
            >
              <h2>
                Where we practice
              </h2>
              <div>
                <div>
                  School
                </div>
                <div>
                  Church Street
                </div>
                <div>
                  Anywhere
                </div>
                <div>
                  Trumpton
                </div>
                <div>
                  TR3 5YG
                </div>
              </div>
            </div>
            <div
              className="about-section"
            >
              <h2>
                Practice Times
              </h2>
              <div>
                <div>
                  Room
                </div>
                <div>
                  Sunday 10:00am - 12:00pm (2 Hours)
                </div>
              </div>
            </div>
            <div
              className="about-section"
            >
              <h2>
                Contact
              </h2>
              <div>
                <div>
                  T Bone Walker
                </div>
                <div>
                  764554 453457
                </div>
                <div>
                  tbobe@dr.com
                </div>
              </div>
            </div>
          </div>
          <div
            className="about-map"
          >
            <InteractiveMap
              asyncRender={false}
              attributionControl={true}
              bearing={0}
              className=""
              clickRadius={0}
              container={<body />}
              disableTokenWarning={false}
              doubleClickZoom={true}
              dragPan={true}
              dragRotate={true}
              getCursor={[Function]}
              height={400}
              keyboard={true}
              latitude={53.562614}
              longitude={-2.384833}
              mapOptions={Object {}}
              mapStyle="mapbox://styles/mapbox/streets-v11"
              mapboxApiAccessToken="pk.eyJ1IjoiZXdhbmJkIiwiYSI6ImNqb2ozcnEycDAxMjkza3BhbjVpMWd0azUifQ.gRjILY0KoVrvFBY_Hvkv2w"
              mapboxApiUrl="https://api.mapbox.com"
              maxPitch={60}
              maxZoom={24}
              minPitch={0}
              minZoom={0}
              onClick={null}
              onContextMenu={[Function]}
              onError={[Function]}
              onHover={null}
              onLoad={[Function]}
              onNativeClick={null}
              onResize={[Function]}
              onStateChange={[Function]}
              onTransitionEnd={[Function]}
              onTransitionInterrupt={[Function]}
              onTransitionStart={[Function]}
              onViewStateChange={null}
              onViewportChange={[Function]}
              pitch={0}
              preserveDrawingBuffer={false}
              preventStyleDiffing={false}
              reuseMaps={false}
              scrollZoom={true}
              style={null}
              touchAction="none"
              touchRotate={false}
              touchZoom={true}
              transitionDuration={0}
              transitionEasing={[Function]}
              transitionInterpolator={
                LinearInterpolator {
                  "around": undefined,
                  "propNames": Array [
                    "longitude",
                    "latitude",
                    "zoom",
                    "bearing",
                    "pitch",
                  ],
                }
              }
              transitionInterruption={1}
              visibilityConstraints={
                Object {
                  "maxPitch": 60,
                  "maxZoom": 24,
                  "minPitch": 0,
                  "minZoom": 0,
                }
              }
              visible={true}
              width="100%"
              zoom={14}
            >
              <div
                style={
                  Object {
                    "position": "absolute",
                    "right": 0,
                  }
                }
              >
                <NavigationControl
                  captureClick={true}
                  captureDoubleClick={true}
                  captureDrag={true}
                  captureScroll={false}
                  className=""
                  showCompass={true}
                  showZoom={true}
                />
              </div>
              &gt;
              <Marker
                captureClick={true}
                captureDoubleClick={true}
                captureDrag={true}
                captureScroll={false}
                className=""
                draggable={false}
                latitude={53.562614}
                longitude={-2.384833}
                offsetLeft={0}
                offsetTop={0}
              >
                <Pin />
              </Marker>
            </InteractiveMap>
          </div>
        </div>
        <div />
      </div>,
      "className": "about-container",
    },
    "ref": null,
    "rendered": Object {
      "instance": null,
      "key": undefined,
      "nodeType": "host",
      "props": Object {
        "children": Array [
          <div
            className="about-map-section"
          >
            <div
              className="about-header"
            >
              <div
                className="about-section"
              >
                <h2>
                  Where we practice
                </h2>
                <div>
                  <div>
                    School
                  </div>
                  <div>
                    Church Street
                  </div>
                  <div>
                    Anywhere
                  </div>
                  <div>
                    Trumpton
                  </div>
                  <div>
                    TR3 5YG
                  </div>
                </div>
              </div>
              <div
                className="about-section"
              >
                <h2>
                  Practice Times
                </h2>
                <div>
                  <div>
                    Room
                  </div>
                  <div>
                    Sunday 10:00am - 12:00pm (2 Hours)
                  </div>
                </div>
              </div>
              <div
                className="about-section"
              >
                <h2>
                  Contact
                </h2>
                <div>
                  <div>
                    T Bone Walker
                  </div>
                  <div>
                    764554 453457
                  </div>
                  <div>
                    tbobe@dr.com
                  </div>
                </div>
              </div>
            </div>
            <div
              className="about-map"
            >
              <InteractiveMap
                asyncRender={false}
                attributionControl={true}
                bearing={0}
                className=""
                clickRadius={0}
                container={<body />}
                disableTokenWarning={false}
                doubleClickZoom={true}
                dragPan={true}
                dragRotate={true}
                getCursor={[Function]}
                height={400}
                keyboard={true}
                latitude={53.562614}
                longitude={-2.384833}
                mapOptions={Object {}}
                mapStyle="mapbox://styles/mapbox/streets-v11"
                mapboxApiAccessToken="pk.eyJ1IjoiZXdhbmJkIiwiYSI6ImNqb2ozcnEycDAxMjkza3BhbjVpMWd0azUifQ.gRjILY0KoVrvFBY_Hvkv2w"
                mapboxApiUrl="https://api.mapbox.com"
                maxPitch={60}
                maxZoom={24}
                minPitch={0}
                minZoom={0}
                onClick={null}
                onContextMenu={[Function]}
                onError={[Function]}
                onHover={null}
                onLoad={[Function]}
                onNativeClick={null}
                onResize={[Function]}
                onStateChange={[Function]}
                onTransitionEnd={[Function]}
                onTransitionInterrupt={[Function]}
                onTransitionStart={[Function]}
                onViewStateChange={null}
                onViewportChange={[Function]}
                pitch={0}
                preserveDrawingBuffer={false}
                preventStyleDiffing={false}
                reuseMaps={false}
                scrollZoom={true}
                style={null}
                touchAction="none"
                touchRotate={false}
                touchZoom={true}
                transitionDuration={0}
                transitionEasing={[Function]}
                transitionInterpolator={
                  LinearInterpolator {
                    "around": undefined,
                    "propNames": Array [
                      "longitude",
                      "latitude",
                      "zoom",
                      "bearing",
                      "pitch",
                    ],
                  }
                }
                transitionInterruption={1}
                visibilityConstraints={
                  Object {
                    "maxPitch": 60,
                    "maxZoom": 24,
                    "minPitch": 0,
                    "minZoom": 0,
                  }
                }
                visible={true}
                width="100%"
                zoom={14}
              >
                <div
                  style={
                    Object {
                      "position": "absolute",
                      "right": 0,
                    }
                  }
                >
                  <NavigationControl
                    captureClick={true}
                    captureDoubleClick={true}
                    captureDrag={true}
                    captureScroll={false}
                    className=""
                    showCompass={true}
                    showZoom={true}
                  />
                </div>
                &gt;
                <Marker
                  captureClick={true}
                  captureDoubleClick={true}
                  captureDrag={true}
                  captureScroll={false}
                  className=""
                  draggable={false}
                  latitude={53.562614}
                  longitude={-2.384833}
                  offsetLeft={0}
                  offsetTop={0}
                >
                  <Pin />
                </Marker>
              </InteractiveMap>
            </div>
          </div>,
          <div />,
        ],
      },
      "ref": null,
      "rendered": Array [
        Object {
          "instance": null,
          "key": undefined,
          "nodeType": "host",
          "props": Object {
            "children": Array [
              <div
                className="about-header"
              >
                <div
                  className="about-section"
                >
                  <h2>
                    Where we practice
                  </h2>
                  <div>
                    <div>
                      School
                    </div>
                    <div>
                      Church Street
                    </div>
                    <div>
                      Anywhere
                    </div>
                    <div>
                      Trumpton
                    </div>
                    <div>
                      TR3 5YG
                    </div>
                  </div>
                </div>
                <div
                  className="about-section"
                >
                  <h2>
                    Practice Times
                  </h2>
                  <div>
                    <div>
                      Room
                    </div>
                    <div>
                      Sunday 10:00am - 12:00pm (2 Hours)
                    </div>
                  </div>
                </div>
                <div
                  className="about-section"
                >
                  <h2>
                    Contact
                  </h2>
                  <div>
                    <div>
                      T Bone Walker
                    </div>
                    <div>
                      764554 453457
                    </div>
                    <div>
                      tbobe@dr.com
                    </div>
                  </div>
                </div>
              </div>,
              <div
                className="about-map"
              >
                <InteractiveMap
                  asyncRender={false}
                  attributionControl={true}
                  bearing={0}
                  className=""
                  clickRadius={0}
                  container={<body />}
                  disableTokenWarning={false}
                  doubleClickZoom={true}
                  dragPan={true}
                  dragRotate={true}
                  getCursor={[Function]}
                  height={400}
                  keyboard={true}
                  latitude={53.562614}
                  longitude={-2.384833}
                  mapOptions={Object {}}
                  mapStyle="mapbox://styles/mapbox/streets-v11"
                  mapboxApiAccessToken="pk.eyJ1IjoiZXdhbmJkIiwiYSI6ImNqb2ozcnEycDAxMjkza3BhbjVpMWd0azUifQ.gRjILY0KoVrvFBY_Hvkv2w"
                  mapboxApiUrl="https://api.mapbox.com"
                  maxPitch={60}
                  maxZoom={24}
                  minPitch={0}
                  minZoom={0}
                  onClick={null}
                  onContextMenu={[Function]}
                  onError={[Function]}
                  onHover={null}
                  onLoad={[Function]}
                  onNativeClick={null}
                  onResize={[Function]}
                  onStateChange={[Function]}
                  onTransitionEnd={[Function]}
                  onTransitionInterrupt={[Function]}
                  onTransitionStart={[Function]}
                  onViewStateChange={null}
                  onViewportChange={[Function]}
                  pitch={0}
                  preserveDrawingBuffer={false}
                  preventStyleDiffing={false}
                  reuseMaps={false}
                  scrollZoom={true}
                  style={null}
                  touchAction="none"
                  touchRotate={false}
                  touchZoom={true}
                  transitionDuration={0}
                  transitionEasing={[Function]}
                  transitionInterpolator={
                    LinearInterpolator {
                      "around": undefined,
                      "propNames": Array [
                        "longitude",
                        "latitude",
                        "zoom",
                        "bearing",
                        "pitch",
                      ],
                    }
                  }
                  transitionInterruption={1}
                  visibilityConstraints={
                    Object {
                      "maxPitch": 60,
                      "maxZoom": 24,
                      "minPitch": 0,
                      "minZoom": 0,
                    }
                  }
                  visible={true}
                  width="100%"
                  zoom={14}
                >
                  <div
                    style={
                      Object {
                        "position": "absolute",
                        "right": 0,
                      }
                    }
                  >
                    <NavigationControl
                      captureClick={true}
                      captureDoubleClick={true}
                      captureDrag={true}
                      captureScroll={false}
                      className=""
                      showCompass={true}
                      showZoom={true}
                    />
                  </div>
                  &gt;
                  <Marker
                    captureClick={true}
                    captureDoubleClick={true}
                    captureDrag={true}
                    captureScroll={false}
                    className=""
                    draggable={false}
                    latitude={53.562614}
                    longitude={-2.384833}
                    offsetLeft={0}
                    offsetTop={0}
                  >
                    <Pin />
                  </Marker>
                </InteractiveMap>
              </div>,
            ],
            "className": "about-map-section",
          },
          "ref": null,
          "rendered": Array [
            Object {
              "instance": null,
              "key": undefined,
              "nodeType": "host",
              "props": Object {
                "children": Array [
                  <div
                    className="about-section"
                  >
                    <h2>
                      Where we practice
                    </h2>
                    <div>
                      <div>
                        School
                      </div>
                      <div>
                        Church Street
                      </div>
                      <div>
                        Anywhere
                      </div>
                      <div>
                        Trumpton
                      </div>
                      <div>
                        TR3 5YG
                      </div>
                    </div>
                  </div>,
                  <div
                    className="about-section"
                  >
                    <h2>
                      Practice Times
                    </h2>
                    <div>
                      <div>
                        Room
                      </div>
                      <div>
                        Sunday 10:00am - 12:00pm (2 Hours)
                      </div>
                    </div>
                  </div>,
                  <div
                    className="about-section"
                  >
                    <h2>
                      Contact
                    </h2>
                    <div>
                      <div>
                        T Bone Walker
                      </div>
                      <div>
                        764554 453457
                      </div>
                      <div>
                        tbobe@dr.com
                      </div>
                    </div>
                  </div>,
                ],
                "className": "about-header",
              },
              "ref": null,
              "rendered": Array [
                Object {
                  "instance": null,
                  "key": undefined,
                  "nodeType": "host",
                  "props": Object {
                    "children": Array [
                      <h2>
                        Where we practice
                      </h2>,
                      Array [
                        <div>
                          <div>
                            School
                          </div>
                          <div>
                            Church Street
                          </div>
                          <div>
                            Anywhere
                          </div>
                          <div>
                            Trumpton
                          </div>
                          <div>
                            TR3 5YG
                          </div>
                        </div>,
                      ],
                    ],
                    "className": "about-section",
                  },
                  "ref": null,
                  "rendered": Array [
                    Object {
                      "instance": null,
                      "key": undefined,
                      "nodeType": "host",
                      "props": Object {
                        "children": "Where we practice",
                      },
                      "ref": null,
                      "rendered": "Where we practice",
                      "type": "h2",
                    },
                    Object {
                      "instance": null,
                      "key": "School",
                      "nodeType": "host",
                      "props": Object {
                        "children": Array [
                          <div>
                            School
                          </div>,
                          <div>
                            Church Street
                          </div>,
                          <div>
                            Anywhere
                          </div>,
                          <div>
                            Trumpton
                          </div>,
                          <div>
                            TR3 5YG
                          </div>,
                        ],
                      },
                      "ref": null,
                      "rendered": Array [
                        Object {
                          "instance": null,
                          "key": undefined,
                          "nodeType": "host",
                          "props": Object {
                            "children": "School",
                          },
                          "ref": null,
                          "rendered": "School",
                          "type": "div",
                        },
                        Object {
                          "instance": null,
                          "key": undefined,
                          "nodeType": "host",
                          "props": Object {
                            "children": "Church Street",
                          },
                          "ref": null,
                          "rendered": "Church Street",
                          "type": "div",
                        },
                        Object {
                          "instance": null,
                          "key": undefined,
                          "nodeType": "host",
                          "props": Object {
                            "children": "Anywhere",
                          },
                          "ref": null,
                          "rendered": "Anywhere",
                          "type": "div",
                        },
                        Object {
                          "instance": null,
                          "key": undefined,
                          "nodeType": "host",
                          "props": Object {
                            "children": "Trumpton",
                          },
                          "ref": null,
                          "rendered": "Trumpton",
                          "type": "div",
                        },
                        Object {
                          "instance": null,
                          "key": undefined,
                          "nodeType": "host",
                          "props": Object {
                            "children": "TR3 5YG",
                          },
                          "ref": null,
                          "rendered": "TR3 5YG",
                          "type": "div",
                        },
                      ],
                      "type": "div",
                    },
                  ],
                  "type": "div",
                },
                Object {
                  "instance": null,
                  "key": undefined,
                  "nodeType": "host",
                  "props": Object {
                    "children": Array [
                      <h2>
                        Practice Times
                      </h2>,
                      Array [
                        <div>
                          <div>
                            Room
                          </div>
                          <div>
                            Sunday 10:00am - 12:00pm (2 Hours)
                          </div>
                        </div>,
                      ],
                    ],
                    "className": "about-section",
                  },
                  "ref": null,
                  "rendered": Array [
                    Object {
                      "instance": null,
                      "key": undefined,
                      "nodeType": "host",
                      "props": Object {
                        "children": "Practice Times",
                      },
                      "ref": null,
                      "rendered": "Practice Times",
                      "type": "h2",
                    },
                    Object {
                      "instance": null,
                      "key": "Sunday 10:00am - 12:00pm (2 Hours)",
                      "nodeType": "host",
                      "props": Object {
                        "children": Array [
                          <div>
                            Room
                          </div>,
                          <div>
                            Sunday 10:00am - 12:00pm (2 Hours)
                          </div>,
                        ],
                      },
                      "ref": null,
                      "rendered": Array [
                        Object {
                          "instance": null,
                          "key": undefined,
                          "nodeType": "host",
                          "props": Object {
                            "children": "Room",
                          },
                          "ref": null,
                          "rendered": "Room",
                          "type": "div",
                        },
                        Object {
                          "instance": null,
                          "key": undefined,
                          "nodeType": "host",
                          "props": Object {
                            "children": "Sunday 10:00am - 12:00pm (2 Hours)",
                          },
                          "ref": null,
                          "rendered": "Sunday 10:00am - 12:00pm (2 Hours)",
                          "type": "div",
                        },
                      ],
                      "type": "div",
                    },
                  ],
                  "type": "div",
                },
                Object {
                  "instance": null,
                  "key": undefined,
                  "nodeType": "host",
                  "props": Object {
                    "children": Array [
                      <h2>
                        Contact
                      </h2>,
                      Array [
                        <div>
                          <div>
                            T Bone Walker
                          </div>
                          <div>
                            764554 453457
                          </div>
                          <div>
                            tbobe@dr.com
                          </div>
                        </div>,
                      ],
                    ],
                    "className": "about-section",
                  },
                  "ref": null,
                  "rendered": Array [
                    Object {
                      "instance": null,
                      "key": undefined,
                      "nodeType": "host",
                      "props": Object {
                        "children": "Contact",
                      },
                      "ref": null,
                      "rendered": "Contact",
                      "type": "h2",
                    },
                    Object {
                      "instance": null,
                      "key": "T Bone Walker",
                      "nodeType": "host",
                      "props": Object {
                        "children": Array [
                          <div>
                            T Bone Walker
                          </div>,
                          <div>
                            764554 453457
                          </div>,
                          <div>
                            tbobe@dr.com
                          </div>,
                        ],
                      },
                      "ref": null,
                      "rendered": Array [
                        Object {
                          "instance": null,
                          "key": undefined,
                          "nodeType": "host",
                          "props": Object {
                            "children": "T Bone Walker",
                          },
                          "ref": null,
                          "rendered": "T Bone Walker",
                          "type": "div",
                        },
                        Object {
                          "instance": null,
                          "key": undefined,
                          "nodeType": "host",
                          "props": Object {
                            "children": "764554 453457",
                          },
                          "ref": null,
                          "rendered": "764554 453457",
                          "type": "div",
                        },
                        Object {
                          "instance": null,
                          "key": undefined,
                          "nodeType": "host",
                          "props": Object {
                            "children": "tbobe@dr.com",
                          },
                          "ref": null,
                          "rendered": "tbobe@dr.com",
                          "type": "div",
                        },
                      ],
                      "type": "div",
                    },
                  ],
                  "type": "div",
                },
              ],
              "type": "div",
            },
            Object {
              "instance": null,
              "key": undefined,
              "nodeType": "host",
              "props": Object {
                "children": <InteractiveMap
                  asyncRender={false}
                  attributionControl={true}
                  bearing={0}
                  className=""
                  clickRadius={0}
                  container={<body />}
                  disableTokenWarning={false}
                  doubleClickZoom={true}
                  dragPan={true}
                  dragRotate={true}
                  getCursor={[Function]}
                  height={400}
                  keyboard={true}
                  latitude={53.562614}
                  longitude={-2.384833}
                  mapOptions={Object {}}
                  mapStyle="mapbox://styles/mapbox/streets-v11"
                  mapboxApiAccessToken="pk.eyJ1IjoiZXdhbmJkIiwiYSI6ImNqb2ozcnEycDAxMjkza3BhbjVpMWd0azUifQ.gRjILY0KoVrvFBY_Hvkv2w"
                  mapboxApiUrl="https://api.mapbox.com"
                  maxPitch={60}
                  maxZoom={24}
                  minPitch={0}
                  minZoom={0}
                  onClick={null}
                  onContextMenu={[Function]}
                  onError={[Function]}
                  onHover={null}
                  onLoad={[Function]}
                  onNativeClick={null}
                  onResize={[Function]}
                  onStateChange={[Function]}
                  onTransitionEnd={[Function]}
                  onTransitionInterrupt={[Function]}
                  onTransitionStart={[Function]}
                  onViewStateChange={null}
                  onViewportChange={[Function]}
                  pitch={0}
                  preserveDrawingBuffer={false}
                  preventStyleDiffing={false}
                  reuseMaps={false}
                  scrollZoom={true}
                  style={null}
                  touchAction="none"
                  touchRotate={false}
                  touchZoom={true}
                  transitionDuration={0}
                  transitionEasing={[Function]}
                  transitionInterpolator={
                    LinearInterpolator {
                      "around": undefined,
                      "propNames": Array [
                        "longitude",
                        "latitude",
                        "zoom",
                        "bearing",
                        "pitch",
                      ],
                    }
                  }
                  transitionInterruption={1}
                  visibilityConstraints={
                    Object {
                      "maxPitch": 60,
                      "maxZoom": 24,
                      "minPitch": 0,
                      "minZoom": 0,
                    }
                  }
                  visible={true}
                  width="100%"
                  zoom={14}
                >
                  <div
                    style={
                      Object {
                        "position": "absolute",
                        "right": 0,
                      }
                    }
                  >
                    <NavigationControl
                      captureClick={true}
                      captureDoubleClick={true}
                      captureDrag={true}
                      captureScroll={false}
                      className=""
                      showCompass={true}
                      showZoom={true}
                    />
                  </div>
                  &gt;
                  <Marker
                    captureClick={true}
                    captureDoubleClick={true}
                    captureDrag={true}
                    captureScroll={false}
                    className=""
                    draggable={false}
                    latitude={53.562614}
                    longitude={-2.384833}
                    offsetLeft={0}
                    offsetTop={0}
                  >
                    <Pin />
                  </Marker>
                </InteractiveMap>,
                "className": "about-map",
              },
              "ref": null,
              "rendered": Object {
                "instance": null,
                "key": undefined,
                "nodeType": "class",
                "props": Object {
                  "asyncRender": false,
                  "attributionControl": true,
                  "bearing": 0,
                  "children": Array [
                    <div
                      style={
                        Object {
                          "position": "absolute",
                          "right": 0,
                        }
                      }
                    >
                      <NavigationControl
                        captureClick={true}
                        captureDoubleClick={true}
                        captureDrag={true}
                        captureScroll={false}
                        className=""
                        showCompass={true}
                        showZoom={true}
                      />
                    </div>,
                    ">",
                    <Marker
                      captureClick={true}
                      captureDoubleClick={true}
                      captureDrag={true}
                      captureScroll={false}
                      className=""
                      draggable={false}
                      latitude={53.562614}
                      longitude={-2.384833}
                      offsetLeft={0}
                      offsetTop={0}
                    >
                      <Pin />
                    </Marker>,
                  ],
                  "className": "",
                  "clickRadius": 0,
                  "container": <body />,
                  "disableTokenWarning": false,
                  "doubleClickZoom": true,
                  "dragPan": true,
                  "dragRotate": true,
                  "getCursor": [Function],
                  "height": 400,
                  "keyboard": true,
                  "latitude": 53.562614,
                  "longitude": -2.384833,
                  "mapOptions": Object {},
                  "mapStyle": "mapbox://styles/mapbox/streets-v11",
                  "mapboxApiAccessToken": "pk.eyJ1IjoiZXdhbmJkIiwiYSI6ImNqb2ozcnEycDAxMjkza3BhbjVpMWd0azUifQ.gRjILY0KoVrvFBY_Hvkv2w",
                  "mapboxApiUrl": "https://api.mapbox.com",
                  "maxPitch": 60,
                  "maxZoom": 24,
                  "minPitch": 0,
                  "minZoom": 0,
                  "onClick": null,
                  "onContextMenu": [Function],
                  "onError": [Function],
                  "onHover": null,
                  "onLoad": [Function],
                  "onNativeClick": null,
                  "onResize": [Function],
                  "onStateChange": [Function],
                  "onTransitionEnd": [Function],
                  "onTransitionInterrupt": [Function],
                  "onTransitionStart": [Function],
                  "onViewStateChange": null,
                  "onViewportChange": [Function],
                  "pitch": 0,
                  "preserveDrawingBuffer": false,
                  "preventStyleDiffing": false,
                  "reuseMaps": false,
                  "scrollZoom": true,
                  "style": null,
                  "touchAction": "none",
                  "touchRotate": false,
                  "touchZoom": true,
                  "transitionDuration": 0,
                  "transitionEasing": [Function],
                  "transitionInterpolator": LinearInterpolator {
                    "around": undefined,
                    "propNames": Array [
                      "longitude",
                      "latitude",
                      "zoom",
                      "bearing",
                      "pitch",
                    ],
                  },
                  "transitionInterruption": 1,
                  "visibilityConstraints": Object {
                    "maxPitch": 60,
                    "maxZoom": 24,
                    "minPitch": 0,
                    "minZoom": 0,
                  },
                  "visible": true,
                  "width": "100%",
                  "zoom": 14,
                },
                "ref": null,
                "rendered": Array [
                  Object {
                    "instance": null,
                    "key": undefined,
                    "nodeType": "host",
                    "props": Object {
                      "children": <NavigationControl
                        captureClick={true}
                        captureDoubleClick={true}
                        captureDrag={true}
                        captureScroll={false}
                        className=""
                        showCompass={true}
                        showZoom={true}
                      />,
                      "style": Object {
                        "position": "absolute",
                        "right": 0,
                      },
                    },
                    "ref": null,
                    "rendered": Object {
                      "instance": null,
                      "key": undefined,
                      "nodeType": "class",
                      "props": Object {
                        "captureClick": true,
                        "captureDoubleClick": true,
                        "captureDrag": true,
                        "captureScroll": false,
                        "className": "",
                        "showCompass": true,
                        "showZoom": true,
                      },
                      "ref": null,
                      "rendered": null,
                      "type": [Function],
                    },
                    "type": "div",
                  },
                  ">",
                  Object {
                    "instance": null,
                    "key": undefined,
                    "nodeType": "class",
                    "props": Object {
                      "captureClick": true,
                      "captureDoubleClick": true,
                      "captureDrag": true,
                      "captureScroll": false,
                      "children": <Pin />,
                      "className": "",
                      "draggable": false,
                      "latitude": 53.562614,
                      "longitude": -2.384833,
                      "offsetLeft": 0,
                      "offsetTop": 0,
                    },
                    "ref": null,
                    "rendered": Object {
                      "instance": null,
                      "key": undefined,
                      "nodeType": "function",
                      "props": Object {},
                      "ref": null,
                      "rendered": null,
                      "type": [Function],
                    },
                    "type": [Function],
                  },
                ],
                "type": [Function],
              },
              "type": "div",
            },
          ],
          "type": "div",
        },
        Object {
          "instance": null,
          "key": undefined,
          "nodeType": "host",
          "props": Object {},
          "ref": null,
          "rendered": null,
          "type": "div",
        },
      ],
      "type": "div",
    },
    "type": "div",
  },
  Symbol(enzyme.__nodes__): Array [
    Object {
      "instance": null,
      "key": undefined,
      "nodeType": "host",
      "props": Object {
        "children": <div>
          <div
            className="about-map-section"
          >
            <div
              className="about-header"
            >
              <div
                className="about-section"
              >
                <h2>
                  Where we practice
                </h2>
                <div>
                  <div>
                    School
                  </div>
                  <div>
                    Church Street
                  </div>
                  <div>
                    Anywhere
                  </div>
                  <div>
                    Trumpton
                  </div>
                  <div>
                    TR3 5YG
                  </div>
                </div>
              </div>
              <div
                className="about-section"
              >
                <h2>
                  Practice Times
                </h2>
                <div>
                  <div>
                    Room
                  </div>
                  <div>
                    Sunday 10:00am - 12:00pm (2 Hours)
                  </div>
                </div>
              </div>
              <div
                className="about-section"
              >
                <h2>
                  Contact
                </h2>
                <div>
                  <div>
                    T Bone Walker
                  </div>
                  <div>
                    764554 453457
                  </div>
                  <div>
                    tbobe@dr.com
                  </div>
                </div>
              </div>
            </div>
            <div
              className="about-map"
            >
              <InteractiveMap
                asyncRender={false}
                attributionControl={true}
                bearing={0}
                className=""
                clickRadius={0}
                container={<body />}
                disableTokenWarning={false}
                doubleClickZoom={true}
                dragPan={true}
                dragRotate={true}
                getCursor={[Function]}
                height={400}
                keyboard={true}
                latitude={53.562614}
                longitude={-2.384833}
                mapOptions={Object {}}
                mapStyle="mapbox://styles/mapbox/streets-v11"
                mapboxApiAccessToken="pk.eyJ1IjoiZXdhbmJkIiwiYSI6ImNqb2ozcnEycDAxMjkza3BhbjVpMWd0azUifQ.gRjILY0KoVrvFBY_Hvkv2w"
                mapboxApiUrl="https://api.mapbox.com"
                maxPitch={60}
                maxZoom={24}
                minPitch={0}
                minZoom={0}
                onClick={null}
                onContextMenu={[Function]}
                onError={[Function]}
                onHover={null}
                onLoad={[Function]}
                onNativeClick={null}
                onResize={[Function]}
                onStateChange={[Function]}
                onTransitionEnd={[Function]}
                onTransitionInterrupt={[Function]}
                onTransitionStart={[Function]}
                onViewStateChange={null}
                onViewportChange={[Function]}
                pitch={0}
                preserveDrawingBuffer={false}
                preventStyleDiffing={false}
                reuseMaps={false}
                scrollZoom={true}
                style={null}
                touchAction="none"
                touchRotate={false}
                touchZoom={true}
                transitionDuration={0}
                transitionEasing={[Function]}
                transitionInterpolator={
                  LinearInterpolator {
                    "around": undefined,
                    "propNames": Array [
                      "longitude",
                      "latitude",
                      "zoom",
                      "bearing",
                      "pitch",
                    ],
                  }
                }
                transitionInterruption={1}
                visibilityConstraints={
                  Object {
                    "maxPitch": 60,
                    "maxZoom": 24,
                    "minPitch": 0,
                    "minZoom": 0,
                  }
                }
                visible={true}
                width="100%"
                zoom={14}
              >
                <div
                  style={
                    Object {
                      "position": "absolute",
                      "right": 0,
                    }
                  }
                >
                  <NavigationControl
                    captureClick={true}
                    captureDoubleClick={true}
                    captureDrag={true}
                    captureScroll={false}
                    className=""
                    showCompass={true}
                    showZoom={true}
                  />
                </div>
                &gt;
                <Marker
                  captureClick={true}
                  captureDoubleClick={true}
                  captureDrag={true}
                  captureScroll={false}
                  className=""
                  draggable={false}
                  latitude={53.562614}
                  longitude={-2.384833}
                  offsetLeft={0}
                  offsetTop={0}
                >
                  <Pin />
                </Marker>
              </InteractiveMap>
            </div>
          </div>
          <div />
        </div>,
        "className": "about-container",
      },
      "ref": null,
      "rendered": Object {
        "instance": null,
        "key": undefined,
        "nodeType": "host",
        "props": Object {
          "children": Array [
            <div
              className="about-map-section"
            >
              <div
                className="about-header"
              >
                <div
                  className="about-section"
                >
                  <h2>
                    Where we practice
                  </h2>
                  <div>
                    <div>
                      School
                    </div>
                    <div>
                      Church Street
                    </div>
                    <div>
                      Anywhere
                    </div>
                    <div>
                      Trumpton
                    </div>
                    <div>
                      TR3 5YG
                    </div>
                  </div>
                </div>
                <div
                  className="about-section"
                >
                  <h2>
                    Practice Times
                  </h2>
                  <div>
                    <div>
                      Room
                    </div>
                    <div>
                      Sunday 10:00am - 12:00pm (2 Hours)
                    </div>
                  </div>
                </div>
                <div
                  className="about-section"
                >
                  <h2>
                    Contact
                  </h2>
                  <div>
                    <div>
                      T Bone Walker
                    </div>
                    <div>
                      764554 453457
                    </div>
                    <div>
                      tbobe@dr.com
                    </div>
                  </div>
                </div>
              </div>
              <div
                className="about-map"
              >
                <InteractiveMap
                  asyncRender={false}
                  attributionControl={true}
                  bearing={0}
                  className=""
                  clickRadius={0}
                  container={<body />}
                  disableTokenWarning={false}
                  doubleClickZoom={true}
                  dragPan={true}
                  dragRotate={true}
                  getCursor={[Function]}
                  height={400}
                  keyboard={true}
                  latitude={53.562614}
                  longitude={-2.384833}
                  mapOptions={Object {}}
                  mapStyle="mapbox://styles/mapbox/streets-v11"
                  mapboxApiAccessToken="pk.eyJ1IjoiZXdhbmJkIiwiYSI6ImNqb2ozcnEycDAxMjkza3BhbjVpMWd0azUifQ.gRjILY0KoVrvFBY_Hvkv2w"
                  mapboxApiUrl="https://api.mapbox.com"
                  maxPitch={60}
                  maxZoom={24}
                  minPitch={0}
                  minZoom={0}
                  onClick={null}
                  onContextMenu={[Function]}
                  onError={[Function]}
                  onHover={null}
                  onLoad={[Function]}
                  onNativeClick={null}
                  onResize={[Function]}
                  onStateChange={[Function]}
                  onTransitionEnd={[Function]}
                  onTransitionInterrupt={[Function]}
                  onTransitionStart={[Function]}
                  onViewStateChange={null}
                  onViewportChange={[Function]}
                  pitch={0}
                  preserveDrawingBuffer={false}
                  preventStyleDiffing={false}
                  reuseMaps={false}
                  scrollZoom={true}
                  style={null}
                  touchAction="none"
                  touchRotate={false}
                  touchZoom={true}
                  transitionDuration={0}
                  transitionEasing={[Function]}
                  transitionInterpolator={
                    LinearInterpolator {
                      "around": undefined,
                      "propNames": Array [
                        "longitude",
                        "latitude",
                        "zoom",
                        "bearing",
                        "pitch",
                      ],
                    }
                  }
                  transitionInterruption={1}
                  visibilityConstraints={
                    Object {
                      "maxPitch": 60,
                      "maxZoom": 24,
                      "minPitch": 0,
                      "minZoom": 0,
                    }
                  }
                  visible={true}
                  width="100%"
                  zoom={14}
                >
                  <div
                    style={
                      Object {
                        "position": "absolute",
                        "right": 0,
                      }
                    }
                  >
                    <NavigationControl
                      captureClick={true}
                      captureDoubleClick={true}
                      captureDrag={true}
                      captureScroll={false}
                      className=""
                      showCompass={true}
                      showZoom={true}
                    />
                  </div>
                  &gt;
                  <Marker
                    captureClick={true}
                    captureDoubleClick={true}
                    captureDrag={true}
                    captureScroll={false}
                    className=""
                    draggable={false}
                    latitude={53.562614}
                    longitude={-2.384833}
                    offsetLeft={0}
                    offsetTop={0}
                  >
                    <Pin />
                  </Marker>
                </InteractiveMap>
              </div>
            </div>,
            <div />,
          ],
        },
        "ref": null,
        "rendered": Array [
          Object {
            "instance": null,
            "key": undefined,
            "nodeType": "host",
            "props": Object {
              "children": Array [
                <div
                  className="about-header"
                >
                  <div
                    className="about-section"
                  >
                    <h2>
                      Where we practice
                    </h2>
                    <div>
                      <div>
                        School
                      </div>
                      <div>
                        Church Street
                      </div>
                      <div>
                        Anywhere
                      </div>
                      <div>
                        Trumpton
                      </div>
                      <div>
                        TR3 5YG
                      </div>
                    </div>
                  </div>
                  <div
                    className="about-section"
                  >
                    <h2>
                      Practice Times
                    </h2>
                    <div>
                      <div>
                        Room
                      </div>
                      <div>
                        Sunday 10:00am - 12:00pm (2 Hours)
                      </div>
                    </div>
                  </div>
                  <div
                    className="about-section"
                  >
                    <h2>
                      Contact
                    </h2>
                    <div>
                      <div>
                        T Bone Walker
                      </div>
                      <div>
                        764554 453457
                      </div>
                      <div>
                        tbobe@dr.com
                      </div>
                    </div>
                  </div>
                </div>,
                <div
                  className="about-map"
                >
                  <InteractiveMap
                    asyncRender={false}
                    attributionControl={true}
                    bearing={0}
                    className=""
                    clickRadius={0}
                    container={<body />}
                    disableTokenWarning={false}
                    doubleClickZoom={true}
                    dragPan={true}
                    dragRotate={true}
                    getCursor={[Function]}
                    height={400}
                    keyboard={true}
                    latitude={53.562614}
                    longitude={-2.384833}
                    mapOptions={Object {}}
                    mapStyle="mapbox://styles/mapbox/streets-v11"
                    mapboxApiAccessToken="pk.eyJ1IjoiZXdhbmJkIiwiYSI6ImNqb2ozcnEycDAxMjkza3BhbjVpMWd0azUifQ.gRjILY0KoVrvFBY_Hvkv2w"
                    mapboxApiUrl="https://api.mapbox.com"
                    maxPitch={60}
                    maxZoom={24}
                    minPitch={0}
                    minZoom={0}
                    onClick={null}
                    onContextMenu={[Function]}
                    onError={[Function]}
                    onHover={null}
                    onLoad={[Function]}
                    onNativeClick={null}
                    onResize={[Function]}
                    onStateChange={[Function]}
                    onTransitionEnd={[Function]}
                    onTransitionInterrupt={[Function]}
                    onTransitionStart={[Function]}
                    onViewStateChange={null}
                    onViewportChange={[Function]}
                    pitch={0}
                    preserveDrawingBuffer={false}
                    preventStyleDiffing={false}
                    reuseMaps={false}
                    scrollZoom={true}
                    style={null}
                    touchAction="none"
                    touchRotate={false}
                    touchZoom={true}
                    transitionDuration={0}
                    transitionEasing={[Function]}
                    transitionInterpolator={
                      LinearInterpolator {
                        "around": undefined,
                        "propNames": Array [
                          "longitude",
                          "latitude",
                          "zoom",
                          "bearing",
                          "pitch",
                        ],
                      }
                    }
                    transitionInterruption={1}
                    visibilityConstraints={
                      Object {
                        "maxPitch": 60,
                        "maxZoom": 24,
                        "minPitch": 0,
                        "minZoom": 0,
                      }
                    }
                    visible={true}
                    width="100%"
                    zoom={14}
                  >
                    <div
                      style={
                        Object {
                          "position": "absolute",
                          "right": 0,
                        }
                      }
                    >
                      <NavigationControl
                        captureClick={true}
                        captureDoubleClick={true}
                        captureDrag={true}
                        captureScroll={false}
                        className=""
                        showCompass={true}
                        showZoom={true}
                      />
                    </div>
                    &gt;
                    <Marker
                      captureClick={true}
                      captureDoubleClick={true}
                      captureDrag={true}
                      captureScroll={false}
                      className=""
                      draggable={false}
                      latitude={53.562614}
                      longitude={-2.384833}
                      offsetLeft={0}
                      offsetTop={0}
                    >
                      <Pin />
                    </Marker>
                  </InteractiveMap>
                </div>,
              ],
              "className": "about-map-section",
            },
            "ref": null,
            "rendered": Array [
              Object {
                "instance": null,
                "key": undefined,
                "nodeType": "host",
                "props": Object {
                  "children": Array [
                    <div
                      className="about-section"
                    >
                      <h2>
                        Where we practice
                      </h2>
                      <div>
                        <div>
                          School
                        </div>
                        <div>
                          Church Street
                        </div>
                        <div>
                          Anywhere
                        </div>
                        <div>
                          Trumpton
                        </div>
                        <div>
                          TR3 5YG
                        </div>
                      </div>
                    </div>,
                    <div
                      className="about-section"
                    >
                      <h2>
                        Practice Times
                      </h2>
                      <div>
                        <div>
                          Room
                        </div>
                        <div>
                          Sunday 10:00am - 12:00pm (2 Hours)
                        </div>
                      </div>
                    </div>,
                    <div
                      className="about-section"
                    >
                      <h2>
                        Contact
                      </h2>
                      <div>
                        <div>
                          T Bone Walker
                        </div>
                        <div>
                          764554 453457
                        </div>
                        <div>
                          tbobe@dr.com
                        </div>
                      </div>
                    </div>,
                  ],
                  "className": "about-header",
                },
                "ref": null,
                "rendered": Array [
                  Object {
                    "instance": null,
                    "key": undefined,
                    "nodeType": "host",
                    "props": Object {
                      "children": Array [
                        <h2>
                          Where we practice
                        </h2>,
                        Array [
                          <div>
                            <div>
                              School
                            </div>
                            <div>
                              Church Street
                            </div>
                            <div>
                              Anywhere
                            </div>
                            <div>
                              Trumpton
                            </div>
                            <div>
                              TR3 5YG
                            </div>
                          </div>,
                        ],
                      ],
                      "className": "about-section",
                    },
                    "ref": null,
                    "rendered": Array [
                      Object {
                        "instance": null,
                        "key": undefined,
                        "nodeType": "host",
                        "props": Object {
                          "children": "Where we practice",
                        },
                        "ref": null,
                        "rendered": "Where we practice",
                        "type": "h2",
                      },
                      Object {
                        "instance": null,
                        "key": "School",
                        "nodeType": "host",
                        "props": Object {
                          "children": Array [
                            <div>
                              School
                            </div>,
                            <div>
                              Church Street
                            </div>,
                            <div>
                              Anywhere
                            </div>,
                            <div>
                              Trumpton
                            </div>,
                            <div>
                              TR3 5YG
                            </div>,
                          ],
                        },
                        "ref": null,
                        "rendered": Array [
                          Object {
                            "instance": null,
                            "key": undefined,
                            "nodeType": "host",
                            "props": Object {
                              "children": "School",
                            },
                            "ref": null,
                            "rendered": "School",
                            "type": "div",
                          },
                          Object {
                            "instance": null,
                            "key": undefined,
                            "nodeType": "host",
                            "props": Object {
                              "children": "Church Street",
                            },
                            "ref": null,
                            "rendered": "Church Street",
                            "type": "div",
                          },
                          Object {
                            "instance": null,
                            "key": undefined,
                            "nodeType": "host",
                            "props": Object {
                              "children": "Anywhere",
                            },
                            "ref": null,
                            "rendered": "Anywhere",
                            "type": "div",
                          },
                          Object {
                            "instance": null,
                            "key": undefined,
                            "nodeType": "host",
                            "props": Object {
                              "children": "Trumpton",
                            },
                            "ref": null,
                            "rendered": "Trumpton",
                            "type": "div",
                          },
                          Object {
                            "instance": null,
                            "key": undefined,
                            "nodeType": "host",
                            "props": Object {
                              "children": "TR3 5YG",
                            },
                            "ref": null,
                            "rendered": "TR3 5YG",
                            "type": "div",
                          },
                        ],
                        "type": "div",
                      },
                    ],
                    "type": "div",
                  },
                  Object {
                    "instance": null,
                    "key": undefined,
                    "nodeType": "host",
                    "props": Object {
                      "children": Array [
                        <h2>
                          Practice Times
                        </h2>,
                        Array [
                          <div>
                            <div>
                              Room
                            </div>
                            <div>
                              Sunday 10:00am - 12:00pm (2 Hours)
                            </div>
                          </div>,
                        ],
                      ],
                      "className": "about-section",
                    },
                    "ref": null,
                    "rendered": Array [
                      Object {
                        "instance": null,
                        "key": undefined,
                        "nodeType": "host",
                        "props": Object {
                          "children": "Practice Times",
                        },
                        "ref": null,
                        "rendered": "Practice Times",
                        "type": "h2",
                      },
                      Object {
                        "instance": null,
                        "key": "Sunday 10:00am - 12:00pm (2 Hours)",
                        "nodeType": "host",
                        "props": Object {
                          "children": Array [
                            <div>
                              Room
                            </div>,
                            <div>
                              Sunday 10:00am - 12:00pm (2 Hours)
                            </div>,
                          ],
                        },
                        "ref": null,
                        "rendered": Array [
                          Object {
                            "instance": null,
                            "key": undefined,
                            "nodeType": "host",
                            "props": Object {
                              "children": "Room",
                            },
                            "ref": null,
                            "rendered": "Room",
                            "type": "div",
                          },
                          Object {
                            "instance": null,
                            "key": undefined,
                            "nodeType": "host",
                            "props": Object {
                              "children": "Sunday 10:00am - 12:00pm (2 Hours)",
                            },
                            "ref": null,
                            "rendered": "Sunday 10:00am - 12:00pm (2 Hours)",
                            "type": "div",
                          },
                        ],
                        "type": "div",
                      },
                    ],
                    "type": "div",
                  },
                  Object {
                    "instance": null,
                    "key": undefined,
                    "nodeType": "host",
                    "props": Object {
                      "children": Array [
                        <h2>
                          Contact
                        </h2>,
                        Array [
                          <div>
                            <div>
                              T Bone Walker
                            </div>
                            <div>
                              764554 453457
                            </div>
                            <div>
                              tbobe@dr.com
                            </div>
                          </div>,
                        ],
                      ],
                      "className": "about-section",
                    },
                    "ref": null,
                    "rendered": Array [
                      Object {
                        "instance": null,
                        "key": undefined,
                        "nodeType": "host",
                        "props": Object {
                          "children": "Contact",
                        },
                        "ref": null,
                        "rendered": "Contact",
                        "type": "h2",
                      },
                      Object {
                        "instance": null,
                        "key": "T Bone Walker",
                        "nodeType": "host",
                        "props": Object {
                          "children": Array [
                            <div>
                              T Bone Walker
                            </div>,
                            <div>
                              764554 453457
                            </div>,
                            <div>
                              tbobe@dr.com
                            </div>,
                          ],
                        },
                        "ref": null,
                        "rendered": Array [
                          Object {
                            "instance": null,
                            "key": undefined,
                            "nodeType": "host",
                            "props": Object {
                              "children": "T Bone Walker",
                            },
                            "ref": null,
                            "rendered": "T Bone Walker",
                            "type": "div",
                          },
                          Object {
                            "instance": null,
                            "key": undefined,
                            "nodeType": "host",
                            "props": Object {
                              "children": "764554 453457",
                            },
                            "ref": null,
                            "rendered": "764554 453457",
                            "type": "div",
                          },
                          Object {
                            "instance": null,
                            "key": undefined,
                            "nodeType": "host",
                            "props": Object {
                              "children": "tbobe@dr.com",
                            },
                            "ref": null,
                            "rendered": "tbobe@dr.com",
                            "type": "div",
                          },
                        ],
                        "type": "div",
                      },
                    ],
                    "type": "div",
                  },
                ],
                "type": "div",
              },
              Object {
                "instance": null,
                "key": undefined,
                "nodeType": "host",
                "props": Object {
                  "children": <InteractiveMap
                    asyncRender={false}
                    attributionControl={true}
                    bearing={0}
                    className=""
                    clickRadius={0}
                    container={<body />}
                    disableTokenWarning={false}
                    doubleClickZoom={true}
                    dragPan={true}
                    dragRotate={true}
                    getCursor={[Function]}
                    height={400}
                    keyboard={true}
                    latitude={53.562614}
                    longitude={-2.384833}
                    mapOptions={Object {}}
                    mapStyle="mapbox://styles/mapbox/streets-v11"
                    mapboxApiAccessToken="pk.eyJ1IjoiZXdhbmJkIiwiYSI6ImNqb2ozcnEycDAxMjkza3BhbjVpMWd0azUifQ.gRjILY0KoVrvFBY_Hvkv2w"
                    mapboxApiUrl="https://api.mapbox.com"
                    maxPitch={60}
                    maxZoom={24}
                    minPitch={0}
                    minZoom={0}
                    onClick={null}
                    onContextMenu={[Function]}
                    onError={[Function]}
                    onHover={null}
                    onLoad={[Function]}
                    onNativeClick={null}
                    onResize={[Function]}
                    onStateChange={[Function]}
                    onTransitionEnd={[Function]}
                    onTransitionInterrupt={[Function]}
                    onTransitionStart={[Function]}
                    onViewStateChange={null}
                    onViewportChange={[Function]}
                    pitch={0}
                    preserveDrawingBuffer={false}
                    preventStyleDiffing={false}
                    reuseMaps={false}
                    scrollZoom={true}
                    style={null}
                    touchAction="none"
                    touchRotate={false}
                    touchZoom={true}
                    transitionDuration={0}
                    transitionEasing={[Function]}
                    transitionInterpolator={
                      LinearInterpolator {
                        "around": undefined,
                        "propNames": Array [
                          "longitude",
                          "latitude",
                          "zoom",
                          "bearing",
                          "pitch",
                        ],
                      }
                    }
                    transitionInterruption={1}
                    visibilityConstraints={
                      Object {
                        "maxPitch": 60,
                        "maxZoom": 24,
                        "minPitch": 0,
                        "minZoom": 0,
                      }
                    }
                    visible={true}
                    width="100%"
                    zoom={14}
                  >
                    <div
                      style={
                        Object {
                          "position": "absolute",
                          "right": 0,
                        }
                      }
                    >
                      <NavigationControl
                        captureClick={true}
                        captureDoubleClick={true}
                        captureDrag={true}
                        captureScroll={false}
                        className=""
                        showCompass={true}
                        showZoom={true}
                      />
                    </div>
                    &gt;
                    <Marker
                      captureClick={true}
                      captureDoubleClick={true}
                      captureDrag={true}
                      captureScroll={false}
                      className=""
                      draggable={false}
                      latitude={53.562614}
                      longitude={-2.384833}
                      offsetLeft={0}
                      offsetTop={0}
                    >
                      <Pin />
                    </Marker>
                  </InteractiveMap>,
                  "className": "about-map",
                },
                "ref": null,
                "rendered": Object {
                  "instance": null,
                  "key": undefined,
                  "nodeType": "class",
                  "props": Object {
                    "asyncRender": false,
                    "attributionControl": true,
                    "bearing": 0,
                    "children": Array [
                      <div
                        style={
                          Object {
                            "position": "absolute",
                            "right": 0,
                          }
                        }
                      >
                        <NavigationControl
                          captureClick={true}
                          captureDoubleClick={true}
                          captureDrag={true}
                          captureScroll={false}
                          className=""
                          showCompass={true}
                          showZoom={true}
                        />
                      </div>,
                      ">",
                      <Marker
                        captureClick={true}
                        captureDoubleClick={true}
                        captureDrag={true}
                        captureScroll={false}
                        className=""
                        draggable={false}
                        latitude={53.562614}
                        longitude={-2.384833}
                        offsetLeft={0}
                        offsetTop={0}
                      >
                        <Pin />
                      </Marker>,
                    ],
                    "className": "",
                    "clickRadius": 0,
                    "container": <body />,
                    "disableTokenWarning": false,
                    "doubleClickZoom": true,
                    "dragPan": true,
                    "dragRotate": true,
                    "getCursor": [Function],
                    "height": 400,
                    "keyboard": true,
                    "latitude": 53.562614,
                    "longitude": -2.384833,
                    "mapOptions": Object {},
                    "mapStyle": "mapbox://styles/mapbox/streets-v11",
                    "mapboxApiAccessToken": "pk.eyJ1IjoiZXdhbmJkIiwiYSI6ImNqb2ozcnEycDAxMjkza3BhbjVpMWd0azUifQ.gRjILY0KoVrvFBY_Hvkv2w",
                    "mapboxApiUrl": "https://api.mapbox.com",
                    "maxPitch": 60,
                    "maxZoom": 24,
                    "minPitch": 0,
                    "minZoom": 0,
                    "onClick": null,
                    "onContextMenu": [Function],
                    "onError": [Function],
                    "onHover": null,
                    "onLoad": [Function],
                    "onNativeClick": null,
                    "onResize": [Function],
                    "onStateChange": [Function],
                    "onTransitionEnd": [Function],
                    "onTransitionInterrupt": [Function],
                    "onTransitionStart": [Function],
                    "onViewStateChange": null,
                    "onViewportChange": [Function],
                    "pitch": 0,
                    "preserveDrawingBuffer": false,
                    "preventStyleDiffing": false,
                    "reuseMaps": false,
                    "scrollZoom": true,
                    "style": null,
                    "touchAction": "none",
                    "touchRotate": false,
                    "touchZoom": true,
                    "transitionDuration": 0,
                    "transitionEasing": [Function],
                    "transitionInterpolator": LinearInterpolator {
                      "around": undefined,
                      "propNames": Array [
                        "longitude",
                        "latitude",
                        "zoom",
                        "bearing",
                        "pitch",
                      ],
                    },
                    "transitionInterruption": 1,
                    "visibilityConstraints": Object {
                      "maxPitch": 60,
                      "maxZoom": 24,
                      "minPitch": 0,
                      "minZoom": 0,
                    },
                    "visible": true,
                    "width": "100%",
                    "zoom": 14,
                  },
                  "ref": null,
                  "rendered": Array [
                    Object {
                      "instance": null,
                      "key": undefined,
                      "nodeType": "host",
                      "props": Object {
                        "children": <NavigationControl
                          captureClick={true}
                          captureDoubleClick={true}
                          captureDrag={true}
                          captureScroll={false}
                          className=""
                          showCompass={true}
                          showZoom={true}
                        />,
                        "style": Object {
                          "position": "absolute",
                          "right": 0,
                        },
                      },
                      "ref": null,
                      "rendered": Object {
                        "instance": null,
                        "key": undefined,
                        "nodeType": "class",
                        "props": Object {
                          "captureClick": true,
                          "captureDoubleClick": true,
                          "captureDrag": true,
                          "captureScroll": false,
                          "className": "",
                          "showCompass": true,
                          "showZoom": true,
                        },
                        "ref": null,
                        "rendered": null,
                        "type": [Function],
                      },
                      "type": "div",
                    },
                    ">",
                    Object {
                      "instance": null,
                      "key": undefined,
                      "nodeType": "class",
                      "props": Object {
                        "captureClick": true,
                        "captureDoubleClick": true,
                        "captureDrag": true,
                        "captureScroll": false,
                        "children": <Pin />,
                        "className": "",
                        "draggable": false,
                        "latitude": 53.562614,
                        "longitude": -2.384833,
                        "offsetLeft": 0,
                        "offsetTop": 0,
                      },
                      "ref": null,
                      "rendered": Object {
                        "instance": null,
                        "key": undefined,
                        "nodeType": "function",
                        "props": Object {},
                        "ref": null,
                        "rendered": null,
                        "type": [Function],
                      },
                      "type": [Function],
                    },
                  ],
                  "type": [Function],
                },
                "type": "div",
              },
            ],
            "type": "div",
          },
          Object {
            "instance": null,
            "key": undefined,
            "nodeType": "host",
            "props": Object {},
            "ref": null,
            "rendered": null,
            "type": "div",
          },
        ],
        "type": "div",
      },
      "type": "div",
    },
  ],
  Symbol(enzyme.__options__): Object {
    "adapter": ReactSixteenAdapter {
      "options": Object {
        "enableComponentDidUpdateOnSetState": true,
        "legacyContextMode": "parent",
        "lifecycles": Object {
          "componentDidUpdate": Object {
            "onSetState": true,
          },
          "getChildContext": Object {
            "calledByRenderer": false,
          },
          "getDerivedStateFromError": true,
          "getDerivedStateFromProps": Object {
            "hasShouldComponentUpdateBug": false,
          },
          "getSnapshotBeforeUpdate": true,
          "setState": Object {
            "skipsComponentDidUpdateOnNullish": true,
          },
        },
      },
    },
    Symbol(enzyme.__providerValues__): undefined,
  },
  Symbol(enzyme.__providerValues__): Map {},
  Symbol(enzyme.__childContext__): null,
}
`;
