// Jest Snapshot v1, https://goo.gl/fbAQLP

exports[`Login Form should render correctly 1`] = `
ShallowWrapper {
  Symbol(enzyme.__root__): [Circular],
  Symbol(enzyme.__unrendered__): <Login
    auth={
      Object {
        "auth": "auth",
      }
    }
    errors={
      Object {
        "errors": "error",
      }
    }
    loginUser={[MockFunction]}
  />,
  Symbol(enzyme.__renderer__): Object {
    "batchedUpdates": [Function],
    "getNode": [Function],
    "render": [Function],
    "simulateError": [Function],
    "simulateEvent": [Function],
    "unmount": [Function],
  },
  Symbol(enzyme.__node__): Object {
    "instance": null,
    "key": undefined,
    "nodeType": "host",
    "props": Object {
      "children": <div
        className="login"
      >
        <div
          className="container"
        >
          <div
            className="row"
          >
            <div
              className="col-md-8 m-auto"
            >
              <h1
                className="login-title"
              >
                Log In
              </h1>
              <p
                className="login-text"
              >
                Sign in to the Members Area
              </p>
              <form
                onSubmit={[Function]}
              >
                <TextFieldGroup
                  name="email"
                  onChange={[Function]}
                  placeholder="Email Address"
                  type="email"
                  value=""
                />
                <TextFieldGroup
                  name="password"
                  onChange={[Function]}
                  placeholder="Password"
                  type="password"
                  value=""
                />
                <input
                  className="button button-info"
                  type="submit"
                />
              </form>
            </div>
          </div>
        </div>
      </div>,
    },
    "ref": null,
    "rendered": Object {
      "instance": null,
      "key": undefined,
      "nodeType": "host",
      "props": Object {
        "children": <div
          className="container"
        >
          <div
            className="row"
          >
            <div
              className="col-md-8 m-auto"
            >
              <h1
                className="login-title"
              >
                Log In
              </h1>
              <p
                className="login-text"
              >
                Sign in to the Members Area
              </p>
              <form
                onSubmit={[Function]}
              >
                <TextFieldGroup
                  name="email"
                  onChange={[Function]}
                  placeholder="Email Address"
                  type="email"
                  value=""
                />
                <TextFieldGroup
                  name="password"
                  onChange={[Function]}
                  placeholder="Password"
                  type="password"
                  value=""
                />
                <input
                  className="button button-info"
                  type="submit"
                />
              </form>
            </div>
          </div>
        </div>,
        "className": "login",
      },
      "ref": null,
      "rendered": Object {
        "instance": null,
        "key": undefined,
        "nodeType": "host",
        "props": Object {
          "children": <div
            className="row"
          >
            <div
              className="col-md-8 m-auto"
            >
              <h1
                className="login-title"
              >
                Log In
              </h1>
              <p
                className="login-text"
              >
                Sign in to the Members Area
              </p>
              <form
                onSubmit={[Function]}
              >
                <TextFieldGroup
                  name="email"
                  onChange={[Function]}
                  placeholder="Email Address"
                  type="email"
                  value=""
                />
                <TextFieldGroup
                  name="password"
                  onChange={[Function]}
                  placeholder="Password"
                  type="password"
                  value=""
                />
                <input
                  className="button button-info"
                  type="submit"
                />
              </form>
            </div>
          </div>,
          "className": "container",
        },
        "ref": null,
        "rendered": Object {
          "instance": null,
          "key": undefined,
          "nodeType": "host",
          "props": Object {
            "children": <div
              className="col-md-8 m-auto"
            >
              <h1
                className="login-title"
              >
                Log In
              </h1>
              <p
                className="login-text"
              >
                Sign in to the Members Area
              </p>
              <form
                onSubmit={[Function]}
              >
                <TextFieldGroup
                  name="email"
                  onChange={[Function]}
                  placeholder="Email Address"
                  type="email"
                  value=""
                />
                <TextFieldGroup
                  name="password"
                  onChange={[Function]}
                  placeholder="Password"
                  type="password"
                  value=""
                />
                <input
                  className="button button-info"
                  type="submit"
                />
              </form>
            </div>,
            "className": "row",
          },
          "ref": null,
          "rendered": Object {
            "instance": null,
            "key": undefined,
            "nodeType": "host",
            "props": Object {
              "children": Array [
                <h1
                  className="login-title"
                >
                  Log In
                </h1>,
                <p
                  className="login-text"
                >
                  Sign in to the Members Area
                </p>,
                <form
                  onSubmit={[Function]}
                >
                  <TextFieldGroup
                    name="email"
                    onChange={[Function]}
                    placeholder="Email Address"
                    type="email"
                    value=""
                  />
                  <TextFieldGroup
                    name="password"
                    onChange={[Function]}
                    placeholder="Password"
                    type="password"
                    value=""
                  />
                  <input
                    className="button button-info"
                    type="submit"
                  />
                </form>,
              ],
              "className": "col-md-8 m-auto",
            },
            "ref": null,
            "rendered": Array [
              Object {
                "instance": null,
                "key": undefined,
                "nodeType": "host",
                "props": Object {
                  "children": "Log In",
                  "className": "login-title",
                },
                "ref": null,
                "rendered": "Log In",
                "type": "h1",
              },
              Object {
                "instance": null,
                "key": undefined,
                "nodeType": "host",
                "props": Object {
                  "children": "Sign in to the Members Area",
                  "className": "login-text",
                },
                "ref": null,
                "rendered": "Sign in to the Members Area",
                "type": "p",
              },
              Object {
                "instance": null,
                "key": undefined,
                "nodeType": "host",
                "props": Object {
                  "children": Array [
                    <TextFieldGroup
                      name="email"
                      onChange={[Function]}
                      placeholder="Email Address"
                      type="email"
                      value=""
                    />,
                    <TextFieldGroup
                      name="password"
                      onChange={[Function]}
                      placeholder="Password"
                      type="password"
                      value=""
                    />,
                    <input
                      className="button button-info"
                      type="submit"
                    />,
                  ],
                  "onSubmit": [Function],
                },
                "ref": null,
                "rendered": Array [
                  Object {
                    "instance": null,
                    "key": undefined,
                    "nodeType": "function",
                    "props": Object {
                      "error": undefined,
                      "name": "email",
                      "onChange": [Function],
                      "placeholder": "Email Address",
                      "type": "email",
                      "value": "",
                    },
                    "ref": null,
                    "rendered": null,
                    "type": [Function],
                  },
                  Object {
                    "instance": null,
                    "key": undefined,
                    "nodeType": "function",
                    "props": Object {
                      "error": undefined,
                      "name": "password",
                      "onChange": [Function],
                      "placeholder": "Password",
                      "type": "password",
                      "value": "",
                    },
                    "ref": null,
                    "rendered": null,
                    "type": [Function],
                  },
                  Object {
                    "instance": null,
                    "key": undefined,
                    "nodeType": "host",
                    "props": Object {
                      "className": "button button-info",
                      "type": "submit",
                    },
                    "ref": null,
                    "rendered": null,
                    "type": "input",
                  },
                ],
                "type": "form",
              },
            ],
            "type": "div",
          },
          "type": "div",
        },
        "type": "div",
      },
      "type": "div",
    },
    "type": "div",
  },
  Symbol(enzyme.__nodes__): Array [
    Object {
      "instance": null,
      "key": undefined,
      "nodeType": "host",
      "props": Object {
        "children": <div
          className="login"
        >
          <div
            className="container"
          >
            <div
              className="row"
            >
              <div
                className="col-md-8 m-auto"
              >
                <h1
                  className="login-title"
                >
                  Log In
                </h1>
                <p
                  className="login-text"
                >
                  Sign in to the Members Area
                </p>
                <form
                  onSubmit={[Function]}
                >
                  <TextFieldGroup
                    name="email"
                    onChange={[Function]}
                    placeholder="Email Address"
                    type="email"
                    value=""
                  />
                  <TextFieldGroup
                    name="password"
                    onChange={[Function]}
                    placeholder="Password"
                    type="password"
                    value=""
                  />
                  <input
                    className="button button-info"
                    type="submit"
                  />
                </form>
              </div>
            </div>
          </div>
        </div>,
      },
      "ref": null,
      "rendered": Object {
        "instance": null,
        "key": undefined,
        "nodeType": "host",
        "props": Object {
          "children": <div
            className="container"
          >
            <div
              className="row"
            >
              <div
                className="col-md-8 m-auto"
              >
                <h1
                  className="login-title"
                >
                  Log In
                </h1>
                <p
                  className="login-text"
                >
                  Sign in to the Members Area
                </p>
                <form
                  onSubmit={[Function]}
                >
                  <TextFieldGroup
                    name="email"
                    onChange={[Function]}
                    placeholder="Email Address"
                    type="email"
                    value=""
                  />
                  <TextFieldGroup
                    name="password"
                    onChange={[Function]}
                    placeholder="Password"
                    type="password"
                    value=""
                  />
                  <input
                    className="button button-info"
                    type="submit"
                  />
                </form>
              </div>
            </div>
          </div>,
          "className": "login",
        },
        "ref": null,
        "rendered": Object {
          "instance": null,
          "key": undefined,
          "nodeType": "host",
          "props": Object {
            "children": <div
              className="row"
            >
              <div
                className="col-md-8 m-auto"
              >
                <h1
                  className="login-title"
                >
                  Log In
                </h1>
                <p
                  className="login-text"
                >
                  Sign in to the Members Area
                </p>
                <form
                  onSubmit={[Function]}
                >
                  <TextFieldGroup
                    name="email"
                    onChange={[Function]}
                    placeholder="Email Address"
                    type="email"
                    value=""
                  />
                  <TextFieldGroup
                    name="password"
                    onChange={[Function]}
                    placeholder="Password"
                    type="password"
                    value=""
                  />
                  <input
                    className="button button-info"
                    type="submit"
                  />
                </form>
              </div>
            </div>,
            "className": "container",
          },
          "ref": null,
          "rendered": Object {
            "instance": null,
            "key": undefined,
            "nodeType": "host",
            "props": Object {
              "children": <div
                className="col-md-8 m-auto"
              >
                <h1
                  className="login-title"
                >
                  Log In
                </h1>
                <p
                  className="login-text"
                >
                  Sign in to the Members Area
                </p>
                <form
                  onSubmit={[Function]}
                >
                  <TextFieldGroup
                    name="email"
                    onChange={[Function]}
                    placeholder="Email Address"
                    type="email"
                    value=""
                  />
                  <TextFieldGroup
                    name="password"
                    onChange={[Function]}
                    placeholder="Password"
                    type="password"
                    value=""
                  />
                  <input
                    className="button button-info"
                    type="submit"
                  />
                </form>
              </div>,
              "className": "row",
            },
            "ref": null,
            "rendered": Object {
              "instance": null,
              "key": undefined,
              "nodeType": "host",
              "props": Object {
                "children": Array [
                  <h1
                    className="login-title"
                  >
                    Log In
                  </h1>,
                  <p
                    className="login-text"
                  >
                    Sign in to the Members Area
                  </p>,
                  <form
                    onSubmit={[Function]}
                  >
                    <TextFieldGroup
                      name="email"
                      onChange={[Function]}
                      placeholder="Email Address"
                      type="email"
                      value=""
                    />
                    <TextFieldGroup
                      name="password"
                      onChange={[Function]}
                      placeholder="Password"
                      type="password"
                      value=""
                    />
                    <input
                      className="button button-info"
                      type="submit"
                    />
                  </form>,
                ],
                "className": "col-md-8 m-auto",
              },
              "ref": null,
              "rendered": Array [
                Object {
                  "instance": null,
                  "key": undefined,
                  "nodeType": "host",
                  "props": Object {
                    "children": "Log In",
                    "className": "login-title",
                  },
                  "ref": null,
                  "rendered": "Log In",
                  "type": "h1",
                },
                Object {
                  "instance": null,
                  "key": undefined,
                  "nodeType": "host",
                  "props": Object {
                    "children": "Sign in to the Members Area",
                    "className": "login-text",
                  },
                  "ref": null,
                  "rendered": "Sign in to the Members Area",
                  "type": "p",
                },
                Object {
                  "instance": null,
                  "key": undefined,
                  "nodeType": "host",
                  "props": Object {
                    "children": Array [
                      <TextFieldGroup
                        name="email"
                        onChange={[Function]}
                        placeholder="Email Address"
                        type="email"
                        value=""
                      />,
                      <TextFieldGroup
                        name="password"
                        onChange={[Function]}
                        placeholder="Password"
                        type="password"
                        value=""
                      />,
                      <input
                        className="button button-info"
                        type="submit"
                      />,
                    ],
                    "onSubmit": [Function],
                  },
                  "ref": null,
                  "rendered": Array [
                    Object {
                      "instance": null,
                      "key": undefined,
                      "nodeType": "function",
                      "props": Object {
                        "error": undefined,
                        "name": "email",
                        "onChange": [Function],
                        "placeholder": "Email Address",
                        "type": "email",
                        "value": "",
                      },
                      "ref": null,
                      "rendered": null,
                      "type": [Function],
                    },
                    Object {
                      "instance": null,
                      "key": undefined,
                      "nodeType": "function",
                      "props": Object {
                        "error": undefined,
                        "name": "password",
                        "onChange": [Function],
                        "placeholder": "Password",
                        "type": "password",
                        "value": "",
                      },
                      "ref": null,
                      "rendered": null,
                      "type": [Function],
                    },
                    Object {
                      "instance": null,
                      "key": undefined,
                      "nodeType": "host",
                      "props": Object {
                        "className": "button button-info",
                        "type": "submit",
                      },
                      "ref": null,
                      "rendered": null,
                      "type": "input",
                    },
                  ],
                  "type": "form",
                },
              ],
              "type": "div",
            },
            "type": "div",
          },
          "type": "div",
        },
        "type": "div",
      },
      "type": "div",
    },
  ],
  Symbol(enzyme.__options__): Object {
    "adapter": ReactSixteenAdapter {
      "options": Object {
        "enableComponentDidUpdateOnSetState": true,
        "lifecycles": Object {
          "componentDidUpdate": Object {
            "onSetState": true,
          },
          "getDerivedStateFromProps": true,
          "getSnapshotBeforeUpdate": true,
          "setState": Object {
            "skipsComponentDidUpdateOnNullish": true,
          },
        },
      },
    },
  },
}
`;

exports[`Login Form should set the state on change 1`] = `
ShallowWrapper {
  Symbol(enzyme.__root__): [Circular],
  Symbol(enzyme.__unrendered__): <Login
    auth={
      Object {
        "auth": "auth",
      }
    }
    errors={
      Object {
        "errors": "error",
      }
    }
    loginUser={[MockFunction]}
  />,
  Symbol(enzyme.__renderer__): Object {
    "batchedUpdates": [Function],
    "getNode": [Function],
    "render": [Function],
    "simulateError": [Function],
    "simulateEvent": [Function],
    "unmount": [Function],
  },
  Symbol(enzyme.__node__): Object {
    "instance": null,
    "key": undefined,
    "nodeType": "host",
    "props": Object {
      "children": <div
        className="login"
      >
        <div
          className="container"
        >
          <div
            className="row"
          >
            <div
              className="col-md-8 m-auto"
            >
              <h1
                className="login-title"
              >
                Log In
              </h1>
              <p
                className="login-text"
              >
                Sign in to the Members Area
              </p>
              <form
                onSubmit={[Function]}
              >
                <TextFieldGroup
                  name="email"
                  onChange={[Function]}
                  placeholder="Email Address"
                  type="email"
                  value=""
                />
                <TextFieldGroup
                  name="password"
                  onChange={[Function]}
                  placeholder="Password"
                  type="password"
                  value=""
                />
                <input
                  className="button button-info"
                  type="submit"
                />
              </form>
            </div>
          </div>
        </div>
      </div>,
    },
    "ref": null,
    "rendered": Object {
      "instance": null,
      "key": undefined,
      "nodeType": "host",
      "props": Object {
        "children": <div
          className="container"
        >
          <div
            className="row"
          >
            <div
              className="col-md-8 m-auto"
            >
              <h1
                className="login-title"
              >
                Log In
              </h1>
              <p
                className="login-text"
              >
                Sign in to the Members Area
              </p>
              <form
                onSubmit={[Function]}
              >
                <TextFieldGroup
                  name="email"
                  onChange={[Function]}
                  placeholder="Email Address"
                  type="email"
                  value=""
                />
                <TextFieldGroup
                  name="password"
                  onChange={[Function]}
                  placeholder="Password"
                  type="password"
                  value=""
                />
                <input
                  className="button button-info"
                  type="submit"
                />
              </form>
            </div>
          </div>
        </div>,
        "className": "login",
      },
      "ref": null,
      "rendered": Object {
        "instance": null,
        "key": undefined,
        "nodeType": "host",
        "props": Object {
          "children": <div
            className="row"
          >
            <div
              className="col-md-8 m-auto"
            >
              <h1
                className="login-title"
              >
                Log In
              </h1>
              <p
                className="login-text"
              >
                Sign in to the Members Area
              </p>
              <form
                onSubmit={[Function]}
              >
                <TextFieldGroup
                  name="email"
                  onChange={[Function]}
                  placeholder="Email Address"
                  type="email"
                  value=""
                />
                <TextFieldGroup
                  name="password"
                  onChange={[Function]}
                  placeholder="Password"
                  type="password"
                  value=""
                />
                <input
                  className="button button-info"
                  type="submit"
                />
              </form>
            </div>
          </div>,
          "className": "container",
        },
        "ref": null,
        "rendered": Object {
          "instance": null,
          "key": undefined,
          "nodeType": "host",
          "props": Object {
            "children": <div
              className="col-md-8 m-auto"
            >
              <h1
                className="login-title"
              >
                Log In
              </h1>
              <p
                className="login-text"
              >
                Sign in to the Members Area
              </p>
              <form
                onSubmit={[Function]}
              >
                <TextFieldGroup
                  name="email"
                  onChange={[Function]}
                  placeholder="Email Address"
                  type="email"
                  value=""
                />
                <TextFieldGroup
                  name="password"
                  onChange={[Function]}
                  placeholder="Password"
                  type="password"
                  value=""
                />
                <input
                  className="button button-info"
                  type="submit"
                />
              </form>
            </div>,
            "className": "row",
          },
          "ref": null,
          "rendered": Object {
            "instance": null,
            "key": undefined,
            "nodeType": "host",
            "props": Object {
              "children": Array [
                <h1
                  className="login-title"
                >
                  Log In
                </h1>,
                <p
                  className="login-text"
                >
                  Sign in to the Members Area
                </p>,
                <form
                  onSubmit={[Function]}
                >
                  <TextFieldGroup
                    name="email"
                    onChange={[Function]}
                    placeholder="Email Address"
                    type="email"
                    value=""
                  />
                  <TextFieldGroup
                    name="password"
                    onChange={[Function]}
                    placeholder="Password"
                    type="password"
                    value=""
                  />
                  <input
                    className="button button-info"
                    type="submit"
                  />
                </form>,
              ],
              "className": "col-md-8 m-auto",
            },
            "ref": null,
            "rendered": Array [
              Object {
                "instance": null,
                "key": undefined,
                "nodeType": "host",
                "props": Object {
                  "children": "Log In",
                  "className": "login-title",
                },
                "ref": null,
                "rendered": "Log In",
                "type": "h1",
              },
              Object {
                "instance": null,
                "key": undefined,
                "nodeType": "host",
                "props": Object {
                  "children": "Sign in to the Members Area",
                  "className": "login-text",
                },
                "ref": null,
                "rendered": "Sign in to the Members Area",
                "type": "p",
              },
              Object {
                "instance": null,
                "key": undefined,
                "nodeType": "host",
                "props": Object {
                  "children": Array [
                    <TextFieldGroup
                      name="email"
                      onChange={[Function]}
                      placeholder="Email Address"
                      type="email"
                      value=""
                    />,
                    <TextFieldGroup
                      name="password"
                      onChange={[Function]}
                      placeholder="Password"
                      type="password"
                      value=""
                    />,
                    <input
                      className="button button-info"
                      type="submit"
                    />,
                  ],
                  "onSubmit": [Function],
                },
                "ref": null,
                "rendered": Array [
                  Object {
                    "instance": null,
                    "key": undefined,
                    "nodeType": "function",
                    "props": Object {
                      "error": undefined,
                      "name": "email",
                      "onChange": [Function],
                      "placeholder": "Email Address",
                      "type": "email",
                      "value": "",
                    },
                    "ref": null,
                    "rendered": null,
                    "type": [Function],
                  },
                  Object {
                    "instance": null,
                    "key": undefined,
                    "nodeType": "function",
                    "props": Object {
                      "error": undefined,
                      "name": "password",
                      "onChange": [Function],
                      "placeholder": "Password",
                      "type": "password",
                      "value": "",
                    },
                    "ref": null,
                    "rendered": null,
                    "type": [Function],
                  },
                  Object {
                    "instance": null,
                    "key": undefined,
                    "nodeType": "host",
                    "props": Object {
                      "className": "button button-info",
                      "type": "submit",
                    },
                    "ref": null,
                    "rendered": null,
                    "type": "input",
                  },
                ],
                "type": "form",
              },
            ],
            "type": "div",
          },
          "type": "div",
        },
        "type": "div",
      },
      "type": "div",
    },
    "type": "div",
  },
  Symbol(enzyme.__nodes__): Array [
    Object {
      "instance": null,
      "key": undefined,
      "nodeType": "host",
      "props": Object {
        "children": <div
          className="login"
        >
          <div
            className="container"
          >
            <div
              className="row"
            >
              <div
                className="col-md-8 m-auto"
              >
                <h1
                  className="login-title"
                >
                  Log In
                </h1>
                <p
                  className="login-text"
                >
                  Sign in to the Members Area
                </p>
                <form
                  onSubmit={[Function]}
                >
                  <TextFieldGroup
                    name="email"
                    onChange={[Function]}
                    placeholder="Email Address"
                    type="email"
                    value=""
                  />
                  <TextFieldGroup
                    name="password"
                    onChange={[Function]}
                    placeholder="Password"
                    type="password"
                    value=""
                  />
                  <input
                    className="button button-info"
                    type="submit"
                  />
                </form>
              </div>
            </div>
          </div>
        </div>,
      },
      "ref": null,
      "rendered": Object {
        "instance": null,
        "key": undefined,
        "nodeType": "host",
        "props": Object {
          "children": <div
            className="container"
          >
            <div
              className="row"
            >
              <div
                className="col-md-8 m-auto"
              >
                <h1
                  className="login-title"
                >
                  Log In
                </h1>
                <p
                  className="login-text"
                >
                  Sign in to the Members Area
                </p>
                <form
                  onSubmit={[Function]}
                >
                  <TextFieldGroup
                    name="email"
                    onChange={[Function]}
                    placeholder="Email Address"
                    type="email"
                    value=""
                  />
                  <TextFieldGroup
                    name="password"
                    onChange={[Function]}
                    placeholder="Password"
                    type="password"
                    value=""
                  />
                  <input
                    className="button button-info"
                    type="submit"
                  />
                </form>
              </div>
            </div>
          </div>,
          "className": "login",
        },
        "ref": null,
        "rendered": Object {
          "instance": null,
          "key": undefined,
          "nodeType": "host",
          "props": Object {
            "children": <div
              className="row"
            >
              <div
                className="col-md-8 m-auto"
              >
                <h1
                  className="login-title"
                >
                  Log In
                </h1>
                <p
                  className="login-text"
                >
                  Sign in to the Members Area
                </p>
                <form
                  onSubmit={[Function]}
                >
                  <TextFieldGroup
                    name="email"
                    onChange={[Function]}
                    placeholder="Email Address"
                    type="email"
                    value=""
                  />
                  <TextFieldGroup
                    name="password"
                    onChange={[Function]}
                    placeholder="Password"
                    type="password"
                    value=""
                  />
                  <input
                    className="button button-info"
                    type="submit"
                  />
                </form>
              </div>
            </div>,
            "className": "container",
          },
          "ref": null,
          "rendered": Object {
            "instance": null,
            "key": undefined,
            "nodeType": "host",
            "props": Object {
              "children": <div
                className="col-md-8 m-auto"
              >
                <h1
                  className="login-title"
                >
                  Log In
                </h1>
                <p
                  className="login-text"
                >
                  Sign in to the Members Area
                </p>
                <form
                  onSubmit={[Function]}
                >
                  <TextFieldGroup
                    name="email"
                    onChange={[Function]}
                    placeholder="Email Address"
                    type="email"
                    value=""
                  />
                  <TextFieldGroup
                    name="password"
                    onChange={[Function]}
                    placeholder="Password"
                    type="password"
                    value=""
                  />
                  <input
                    className="button button-info"
                    type="submit"
                  />
                </form>
              </div>,
              "className": "row",
            },
            "ref": null,
            "rendered": Object {
              "instance": null,
              "key": undefined,
              "nodeType": "host",
              "props": Object {
                "children": Array [
                  <h1
                    className="login-title"
                  >
                    Log In
                  </h1>,
                  <p
                    className="login-text"
                  >
                    Sign in to the Members Area
                  </p>,
                  <form
                    onSubmit={[Function]}
                  >
                    <TextFieldGroup
                      name="email"
                      onChange={[Function]}
                      placeholder="Email Address"
                      type="email"
                      value=""
                    />
                    <TextFieldGroup
                      name="password"
                      onChange={[Function]}
                      placeholder="Password"
                      type="password"
                      value=""
                    />
                    <input
                      className="button button-info"
                      type="submit"
                    />
                  </form>,
                ],
                "className": "col-md-8 m-auto",
              },
              "ref": null,
              "rendered": Array [
                Object {
                  "instance": null,
                  "key": undefined,
                  "nodeType": "host",
                  "props": Object {
                    "children": "Log In",
                    "className": "login-title",
                  },
                  "ref": null,
                  "rendered": "Log In",
                  "type": "h1",
                },
                Object {
                  "instance": null,
                  "key": undefined,
                  "nodeType": "host",
                  "props": Object {
                    "children": "Sign in to the Members Area",
                    "className": "login-text",
                  },
                  "ref": null,
                  "rendered": "Sign in to the Members Area",
                  "type": "p",
                },
                Object {
                  "instance": null,
                  "key": undefined,
                  "nodeType": "host",
                  "props": Object {
                    "children": Array [
                      <TextFieldGroup
                        name="email"
                        onChange={[Function]}
                        placeholder="Email Address"
                        type="email"
                        value=""
                      />,
                      <TextFieldGroup
                        name="password"
                        onChange={[Function]}
                        placeholder="Password"
                        type="password"
                        value=""
                      />,
                      <input
                        className="button button-info"
                        type="submit"
                      />,
                    ],
                    "onSubmit": [Function],
                  },
                  "ref": null,
                  "rendered": Array [
                    Object {
                      "instance": null,
                      "key": undefined,
                      "nodeType": "function",
                      "props": Object {
                        "error": undefined,
                        "name": "email",
                        "onChange": [Function],
                        "placeholder": "Email Address",
                        "type": "email",
                        "value": "",
                      },
                      "ref": null,
                      "rendered": null,
                      "type": [Function],
                    },
                    Object {
                      "instance": null,
                      "key": undefined,
                      "nodeType": "function",
                      "props": Object {
                        "error": undefined,
                        "name": "password",
                        "onChange": [Function],
                        "placeholder": "Password",
                        "type": "password",
                        "value": "",
                      },
                      "ref": null,
                      "rendered": null,
                      "type": [Function],
                    },
                    Object {
                      "instance": null,
                      "key": undefined,
                      "nodeType": "host",
                      "props": Object {
                        "className": "button button-info",
                        "type": "submit",
                      },
                      "ref": null,
                      "rendered": null,
                      "type": "input",
                    },
                  ],
                  "type": "form",
                },
              ],
              "type": "div",
            },
            "type": "div",
          },
          "type": "div",
        },
        "type": "div",
      },
      "type": "div",
    },
  ],
  Symbol(enzyme.__options__): Object {
    "adapter": ReactSixteenAdapter {
      "options": Object {
        "enableComponentDidUpdateOnSetState": true,
        "lifecycles": Object {
          "componentDidUpdate": Object {
            "onSetState": true,
          },
          "getDerivedStateFromProps": true,
          "getSnapshotBeforeUpdate": true,
          "setState": Object {
            "skipsComponentDidUpdateOnNullish": true,
          },
        },
      },
    },
  },
}
`;
