// Jest Snapshot v1, https://goo.gl/fbAQLP

exports[`Register Form should render correctly 1`] = `
ShallowWrapper {
  Symbol(enzyme.__root__): [Circular],
  Symbol(enzyme.__unrendered__): <Register
    auth={
      Object {
        "auth": "auth",
      }
    }
    errors={
      Object {
        "errors": "error",
      }
    }
    registerUser={[MockFunction]}
  />,
  Symbol(enzyme.__renderer__): Object {
    "batchedUpdates": [Function],
    "getNode": [Function],
    "render": [Function],
    "simulateError": [Function],
    "simulateEvent": [Function],
    "unmount": [Function],
  },
  Symbol(enzyme.__node__): Object {
    "instance": null,
    "key": undefined,
    "nodeType": "host",
    "props": Object {
      "children": <div
        className="container"
      >
        <div
          className="row"
        >
          <div
            className="col-md-8 m-auto"
          >
            <h1
              className="display-4 text-center"
            >
              Sign Up
            </h1>
            <p
              className="lead text-center"
            >
              Create your DevConnector account
            </p>
            <form
              noValidate={true}
            >
              <TextFieldGroup
                name="name"
                onChange={[Function]}
                placeholder="Name"
                type="name"
                value=""
              />
              <TextFieldGroup
                info="This site uses Gravatar so if you want a profile image, use a Gravatar email"
                name="email"
                onChange={[Function]}
                placeholder="Email Address"
                type="email"
                value=""
              />
              <TextFieldGroup
                name="password"
                onChange={[Function]}
                placeholder="Password"
                type="password"
                value=""
              />
              <TextFieldGroup
                name="password2"
                onChange={[Function]}
                placeholder="Confirm Password"
                type="password"
                value=""
              />
              <input
                className="btn btn-info btn-block mt-4"
                type="submit"
              />
            </form>
          </div>
        </div>
      </div>,
      "className": "register",
    },
    "ref": null,
    "rendered": Object {
      "instance": null,
      "key": undefined,
      "nodeType": "host",
      "props": Object {
        "children": <div
          className="row"
        >
          <div
            className="col-md-8 m-auto"
          >
            <h1
              className="display-4 text-center"
            >
              Sign Up
            </h1>
            <p
              className="lead text-center"
            >
              Create your DevConnector account
            </p>
            <form
              noValidate={true}
            >
              <TextFieldGroup
                name="name"
                onChange={[Function]}
                placeholder="Name"
                type="name"
                value=""
              />
              <TextFieldGroup
                info="This site uses Gravatar so if you want a profile image, use a Gravatar email"
                name="email"
                onChange={[Function]}
                placeholder="Email Address"
                type="email"
                value=""
              />
              <TextFieldGroup
                name="password"
                onChange={[Function]}
                placeholder="Password"
                type="password"
                value=""
              />
              <TextFieldGroup
                name="password2"
                onChange={[Function]}
                placeholder="Confirm Password"
                type="password"
                value=""
              />
              <input
                className="btn btn-info btn-block mt-4"
                type="submit"
              />
            </form>
          </div>
        </div>,
        "className": "container",
      },
      "ref": null,
      "rendered": Object {
        "instance": null,
        "key": undefined,
        "nodeType": "host",
        "props": Object {
          "children": <div
            className="col-md-8 m-auto"
          >
            <h1
              className="display-4 text-center"
            >
              Sign Up
            </h1>
            <p
              className="lead text-center"
            >
              Create your DevConnector account
            </p>
            <form
              noValidate={true}
            >
              <TextFieldGroup
                name="name"
                onChange={[Function]}
                placeholder="Name"
                type="name"
                value=""
              />
              <TextFieldGroup
                info="This site uses Gravatar so if you want a profile image, use a Gravatar email"
                name="email"
                onChange={[Function]}
                placeholder="Email Address"
                type="email"
                value=""
              />
              <TextFieldGroup
                name="password"
                onChange={[Function]}
                placeholder="Password"
                type="password"
                value=""
              />
              <TextFieldGroup
                name="password2"
                onChange={[Function]}
                placeholder="Confirm Password"
                type="password"
                value=""
              />
              <input
                className="btn btn-info btn-block mt-4"
                type="submit"
              />
            </form>
          </div>,
          "className": "row",
        },
        "ref": null,
        "rendered": Object {
          "instance": null,
          "key": undefined,
          "nodeType": "host",
          "props": Object {
            "children": Array [
              <h1
                className="display-4 text-center"
              >
                Sign Up
              </h1>,
              <p
                className="lead text-center"
              >
                Create your DevConnector account
              </p>,
              <form
                noValidate={true}
              >
                <TextFieldGroup
                  name="name"
                  onChange={[Function]}
                  placeholder="Name"
                  type="name"
                  value=""
                />
                <TextFieldGroup
                  info="This site uses Gravatar so if you want a profile image, use a Gravatar email"
                  name="email"
                  onChange={[Function]}
                  placeholder="Email Address"
                  type="email"
                  value=""
                />
                <TextFieldGroup
                  name="password"
                  onChange={[Function]}
                  placeholder="Password"
                  type="password"
                  value=""
                />
                <TextFieldGroup
                  name="password2"
                  onChange={[Function]}
                  placeholder="Confirm Password"
                  type="password"
                  value=""
                />
                <input
                  className="btn btn-info btn-block mt-4"
                  type="submit"
                />
              </form>,
            ],
            "className": "col-md-8 m-auto",
          },
          "ref": null,
          "rendered": Array [
            Object {
              "instance": null,
              "key": undefined,
              "nodeType": "host",
              "props": Object {
                "children": "Sign Up",
                "className": "display-4 text-center",
              },
              "ref": null,
              "rendered": "Sign Up",
              "type": "h1",
            },
            Object {
              "instance": null,
              "key": undefined,
              "nodeType": "host",
              "props": Object {
                "children": "Create your DevConnector account",
                "className": "lead text-center",
              },
              "ref": null,
              "rendered": "Create your DevConnector account",
              "type": "p",
            },
            Object {
              "instance": null,
              "key": undefined,
              "nodeType": "host",
              "props": Object {
                "children": Array [
                  <TextFieldGroup
                    name="name"
                    onChange={[Function]}
                    placeholder="Name"
                    type="name"
                    value=""
                  />,
                  <TextFieldGroup
                    info="This site uses Gravatar so if you want a profile image, use a Gravatar email"
                    name="email"
                    onChange={[Function]}
                    placeholder="Email Address"
                    type="email"
                    value=""
                  />,
                  <TextFieldGroup
                    name="password"
                    onChange={[Function]}
                    placeholder="Password"
                    type="password"
                    value=""
                  />,
                  <TextFieldGroup
                    name="password2"
                    onChange={[Function]}
                    placeholder="Confirm Password"
                    type="password"
                    value=""
                  />,
                  <input
                    className="btn btn-info btn-block mt-4"
                    type="submit"
                  />,
                ],
                "noValidate": true,
                "onSubmit": undefined,
              },
              "ref": null,
              "rendered": Array [
                Object {
                  "instance": null,
                  "key": undefined,
                  "nodeType": "function",
                  "props": Object {
                    "error": undefined,
                    "name": "name",
                    "onChange": [Function],
                    "placeholder": "Name",
                    "type": "name",
                    "value": "",
                  },
                  "ref": null,
                  "rendered": null,
                  "type": [Function],
                },
                Object {
                  "instance": null,
                  "key": undefined,
                  "nodeType": "function",
                  "props": Object {
                    "error": undefined,
                    "info": "This site uses Gravatar so if you want a profile image, use a Gravatar email",
                    "name": "email",
                    "onChange": [Function],
                    "placeholder": "Email Address",
                    "type": "email",
                    "value": "",
                  },
                  "ref": null,
                  "rendered": null,
                  "type": [Function],
                },
                Object {
                  "instance": null,
                  "key": undefined,
                  "nodeType": "function",
                  "props": Object {
                    "error": undefined,
                    "name": "password",
                    "onChange": [Function],
                    "placeholder": "Password",
                    "type": "password",
                    "value": "",
                  },
                  "ref": null,
                  "rendered": null,
                  "type": [Function],
                },
                Object {
                  "instance": null,
                  "key": undefined,
                  "nodeType": "function",
                  "props": Object {
                    "error": undefined,
                    "name": "password2",
                    "onChange": [Function],
                    "placeholder": "Confirm Password",
                    "type": "password",
                    "value": "",
                  },
                  "ref": null,
                  "rendered": null,
                  "type": [Function],
                },
                Object {
                  "instance": null,
                  "key": undefined,
                  "nodeType": "host",
                  "props": Object {
                    "className": "btn btn-info btn-block mt-4",
                    "type": "submit",
                  },
                  "ref": null,
                  "rendered": null,
                  "type": "input",
                },
              ],
              "type": "form",
            },
          ],
          "type": "div",
        },
        "type": "div",
      },
      "type": "div",
    },
    "type": "div",
  },
  Symbol(enzyme.__nodes__): Array [
    Object {
      "instance": null,
      "key": undefined,
      "nodeType": "host",
      "props": Object {
        "children": <div
          className="container"
        >
          <div
            className="row"
          >
            <div
              className="col-md-8 m-auto"
            >
              <h1
                className="display-4 text-center"
              >
                Sign Up
              </h1>
              <p
                className="lead text-center"
              >
                Create your DevConnector account
              </p>
              <form
                noValidate={true}
              >
                <TextFieldGroup
                  name="name"
                  onChange={[Function]}
                  placeholder="Name"
                  type="name"
                  value=""
                />
                <TextFieldGroup
                  info="This site uses Gravatar so if you want a profile image, use a Gravatar email"
                  name="email"
                  onChange={[Function]}
                  placeholder="Email Address"
                  type="email"
                  value=""
                />
                <TextFieldGroup
                  name="password"
                  onChange={[Function]}
                  placeholder="Password"
                  type="password"
                  value=""
                />
                <TextFieldGroup
                  name="password2"
                  onChange={[Function]}
                  placeholder="Confirm Password"
                  type="password"
                  value=""
                />
                <input
                  className="btn btn-info btn-block mt-4"
                  type="submit"
                />
              </form>
            </div>
          </div>
        </div>,
        "className": "register",
      },
      "ref": null,
      "rendered": Object {
        "instance": null,
        "key": undefined,
        "nodeType": "host",
        "props": Object {
          "children": <div
            className="row"
          >
            <div
              className="col-md-8 m-auto"
            >
              <h1
                className="display-4 text-center"
              >
                Sign Up
              </h1>
              <p
                className="lead text-center"
              >
                Create your DevConnector account
              </p>
              <form
                noValidate={true}
              >
                <TextFieldGroup
                  name="name"
                  onChange={[Function]}
                  placeholder="Name"
                  type="name"
                  value=""
                />
                <TextFieldGroup
                  info="This site uses Gravatar so if you want a profile image, use a Gravatar email"
                  name="email"
                  onChange={[Function]}
                  placeholder="Email Address"
                  type="email"
                  value=""
                />
                <TextFieldGroup
                  name="password"
                  onChange={[Function]}
                  placeholder="Password"
                  type="password"
                  value=""
                />
                <TextFieldGroup
                  name="password2"
                  onChange={[Function]}
                  placeholder="Confirm Password"
                  type="password"
                  value=""
                />
                <input
                  className="btn btn-info btn-block mt-4"
                  type="submit"
                />
              </form>
            </div>
          </div>,
          "className": "container",
        },
        "ref": null,
        "rendered": Object {
          "instance": null,
          "key": undefined,
          "nodeType": "host",
          "props": Object {
            "children": <div
              className="col-md-8 m-auto"
            >
              <h1
                className="display-4 text-center"
              >
                Sign Up
              </h1>
              <p
                className="lead text-center"
              >
                Create your DevConnector account
              </p>
              <form
                noValidate={true}
              >
                <TextFieldGroup
                  name="name"
                  onChange={[Function]}
                  placeholder="Name"
                  type="name"
                  value=""
                />
                <TextFieldGroup
                  info="This site uses Gravatar so if you want a profile image, use a Gravatar email"
                  name="email"
                  onChange={[Function]}
                  placeholder="Email Address"
                  type="email"
                  value=""
                />
                <TextFieldGroup
                  name="password"
                  onChange={[Function]}
                  placeholder="Password"
                  type="password"
                  value=""
                />
                <TextFieldGroup
                  name="password2"
                  onChange={[Function]}
                  placeholder="Confirm Password"
                  type="password"
                  value=""
                />
                <input
                  className="btn btn-info btn-block mt-4"
                  type="submit"
                />
              </form>
            </div>,
            "className": "row",
          },
          "ref": null,
          "rendered": Object {
            "instance": null,
            "key": undefined,
            "nodeType": "host",
            "props": Object {
              "children": Array [
                <h1
                  className="display-4 text-center"
                >
                  Sign Up
                </h1>,
                <p
                  className="lead text-center"
                >
                  Create your DevConnector account
                </p>,
                <form
                  noValidate={true}
                >
                  <TextFieldGroup
                    name="name"
                    onChange={[Function]}
                    placeholder="Name"
                    type="name"
                    value=""
                  />
                  <TextFieldGroup
                    info="This site uses Gravatar so if you want a profile image, use a Gravatar email"
                    name="email"
                    onChange={[Function]}
                    placeholder="Email Address"
                    type="email"
                    value=""
                  />
                  <TextFieldGroup
                    name="password"
                    onChange={[Function]}
                    placeholder="Password"
                    type="password"
                    value=""
                  />
                  <TextFieldGroup
                    name="password2"
                    onChange={[Function]}
                    placeholder="Confirm Password"
                    type="password"
                    value=""
                  />
                  <input
                    className="btn btn-info btn-block mt-4"
                    type="submit"
                  />
                </form>,
              ],
              "className": "col-md-8 m-auto",
            },
            "ref": null,
            "rendered": Array [
              Object {
                "instance": null,
                "key": undefined,
                "nodeType": "host",
                "props": Object {
                  "children": "Sign Up",
                  "className": "display-4 text-center",
                },
                "ref": null,
                "rendered": "Sign Up",
                "type": "h1",
              },
              Object {
                "instance": null,
                "key": undefined,
                "nodeType": "host",
                "props": Object {
                  "children": "Create your DevConnector account",
                  "className": "lead text-center",
                },
                "ref": null,
                "rendered": "Create your DevConnector account",
                "type": "p",
              },
              Object {
                "instance": null,
                "key": undefined,
                "nodeType": "host",
                "props": Object {
                  "children": Array [
                    <TextFieldGroup
                      name="name"
                      onChange={[Function]}
                      placeholder="Name"
                      type="name"
                      value=""
                    />,
                    <TextFieldGroup
                      info="This site uses Gravatar so if you want a profile image, use a Gravatar email"
                      name="email"
                      onChange={[Function]}
                      placeholder="Email Address"
                      type="email"
                      value=""
                    />,
                    <TextFieldGroup
                      name="password"
                      onChange={[Function]}
                      placeholder="Password"
                      type="password"
                      value=""
                    />,
                    <TextFieldGroup
                      name="password2"
                      onChange={[Function]}
                      placeholder="Confirm Password"
                      type="password"
                      value=""
                    />,
                    <input
                      className="btn btn-info btn-block mt-4"
                      type="submit"
                    />,
                  ],
                  "noValidate": true,
                  "onSubmit": undefined,
                },
                "ref": null,
                "rendered": Array [
                  Object {
                    "instance": null,
                    "key": undefined,
                    "nodeType": "function",
                    "props": Object {
                      "error": undefined,
                      "name": "name",
                      "onChange": [Function],
                      "placeholder": "Name",
                      "type": "name",
                      "value": "",
                    },
                    "ref": null,
                    "rendered": null,
                    "type": [Function],
                  },
                  Object {
                    "instance": null,
                    "key": undefined,
                    "nodeType": "function",
                    "props": Object {
                      "error": undefined,
                      "info": "This site uses Gravatar so if you want a profile image, use a Gravatar email",
                      "name": "email",
                      "onChange": [Function],
                      "placeholder": "Email Address",
                      "type": "email",
                      "value": "",
                    },
                    "ref": null,
                    "rendered": null,
                    "type": [Function],
                  },
                  Object {
                    "instance": null,
                    "key": undefined,
                    "nodeType": "function",
                    "props": Object {
                      "error": undefined,
                      "name": "password",
                      "onChange": [Function],
                      "placeholder": "Password",
                      "type": "password",
                      "value": "",
                    },
                    "ref": null,
                    "rendered": null,
                    "type": [Function],
                  },
                  Object {
                    "instance": null,
                    "key": undefined,
                    "nodeType": "function",
                    "props": Object {
                      "error": undefined,
                      "name": "password2",
                      "onChange": [Function],
                      "placeholder": "Confirm Password",
                      "type": "password",
                      "value": "",
                    },
                    "ref": null,
                    "rendered": null,
                    "type": [Function],
                  },
                  Object {
                    "instance": null,
                    "key": undefined,
                    "nodeType": "host",
                    "props": Object {
                      "className": "btn btn-info btn-block mt-4",
                      "type": "submit",
                    },
                    "ref": null,
                    "rendered": null,
                    "type": "input",
                  },
                ],
                "type": "form",
              },
            ],
            "type": "div",
          },
          "type": "div",
        },
        "type": "div",
      },
      "type": "div",
    },
  ],
  Symbol(enzyme.__options__): Object {
    "adapter": ReactSixteenAdapter {
      "options": Object {
        "enableComponentDidUpdateOnSetState": true,
        "lifecycles": Object {
          "componentDidUpdate": Object {
            "onSetState": true,
          },
          "getDerivedStateFromProps": true,
          "getSnapshotBeforeUpdate": true,
          "setState": Object {
            "skipsComponentDidUpdateOnNullish": true,
          },
        },
      },
    },
  },
}
`;

exports[`Register Form should set the state on change 1`] = `
ShallowWrapper {
  Symbol(enzyme.__root__): [Circular],
  Symbol(enzyme.__unrendered__): <Register
    auth={
      Object {
        "auth": "auth",
      }
    }
    errors={
      Object {
        "errors": "error",
      }
    }
    registerUser={[MockFunction]}
  />,
  Symbol(enzyme.__renderer__): Object {
    "batchedUpdates": [Function],
    "getNode": [Function],
    "render": [Function],
    "simulateError": [Function],
    "simulateEvent": [Function],
    "unmount": [Function],
  },
  Symbol(enzyme.__node__): Object {
    "instance": null,
    "key": undefined,
    "nodeType": "host",
    "props": Object {
      "children": <div
        className="container"
      >
        <div
          className="row"
        >
          <div
            className="col-md-8 m-auto"
          >
            <h1
              className="display-4 text-center"
            >
              Sign Up
            </h1>
            <p
              className="lead text-center"
            >
              Create your DevConnector account
            </p>
            <form
              noValidate={true}
            >
              <TextFieldGroup
                name="name"
                onChange={[Function]}
                placeholder="Name"
                type="name"
                value=""
              />
              <TextFieldGroup
                info="This site uses Gravatar so if you want a profile image, use a Gravatar email"
                name="email"
                onChange={[Function]}
                placeholder="Email Address"
                type="email"
                value=""
              />
              <TextFieldGroup
                name="password"
                onChange={[Function]}
                placeholder="Password"
                type="password"
                value=""
              />
              <TextFieldGroup
                name="password2"
                onChange={[Function]}
                placeholder="Confirm Password"
                type="password"
                value=""
              />
              <input
                className="btn btn-info btn-block mt-4"
                type="submit"
              />
            </form>
          </div>
        </div>
      </div>,
      "className": "register",
    },
    "ref": null,
    "rendered": Object {
      "instance": null,
      "key": undefined,
      "nodeType": "host",
      "props": Object {
        "children": <div
          className="row"
        >
          <div
            className="col-md-8 m-auto"
          >
            <h1
              className="display-4 text-center"
            >
              Sign Up
            </h1>
            <p
              className="lead text-center"
            >
              Create your DevConnector account
            </p>
            <form
              noValidate={true}
            >
              <TextFieldGroup
                name="name"
                onChange={[Function]}
                placeholder="Name"
                type="name"
                value=""
              />
              <TextFieldGroup
                info="This site uses Gravatar so if you want a profile image, use a Gravatar email"
                name="email"
                onChange={[Function]}
                placeholder="Email Address"
                type="email"
                value=""
              />
              <TextFieldGroup
                name="password"
                onChange={[Function]}
                placeholder="Password"
                type="password"
                value=""
              />
              <TextFieldGroup
                name="password2"
                onChange={[Function]}
                placeholder="Confirm Password"
                type="password"
                value=""
              />
              <input
                className="btn btn-info btn-block mt-4"
                type="submit"
              />
            </form>
          </div>
        </div>,
        "className": "container",
      },
      "ref": null,
      "rendered": Object {
        "instance": null,
        "key": undefined,
        "nodeType": "host",
        "props": Object {
          "children": <div
            className="col-md-8 m-auto"
          >
            <h1
              className="display-4 text-center"
            >
              Sign Up
            </h1>
            <p
              className="lead text-center"
            >
              Create your DevConnector account
            </p>
            <form
              noValidate={true}
            >
              <TextFieldGroup
                name="name"
                onChange={[Function]}
                placeholder="Name"
                type="name"
                value=""
              />
              <TextFieldGroup
                info="This site uses Gravatar so if you want a profile image, use a Gravatar email"
                name="email"
                onChange={[Function]}
                placeholder="Email Address"
                type="email"
                value=""
              />
              <TextFieldGroup
                name="password"
                onChange={[Function]}
                placeholder="Password"
                type="password"
                value=""
              />
              <TextFieldGroup
                name="password2"
                onChange={[Function]}
                placeholder="Confirm Password"
                type="password"
                value=""
              />
              <input
                className="btn btn-info btn-block mt-4"
                type="submit"
              />
            </form>
          </div>,
          "className": "row",
        },
        "ref": null,
        "rendered": Object {
          "instance": null,
          "key": undefined,
          "nodeType": "host",
          "props": Object {
            "children": Array [
              <h1
                className="display-4 text-center"
              >
                Sign Up
              </h1>,
              <p
                className="lead text-center"
              >
                Create your DevConnector account
              </p>,
              <form
                noValidate={true}
              >
                <TextFieldGroup
                  name="name"
                  onChange={[Function]}
                  placeholder="Name"
                  type="name"
                  value=""
                />
                <TextFieldGroup
                  info="This site uses Gravatar so if you want a profile image, use a Gravatar email"
                  name="email"
                  onChange={[Function]}
                  placeholder="Email Address"
                  type="email"
                  value=""
                />
                <TextFieldGroup
                  name="password"
                  onChange={[Function]}
                  placeholder="Password"
                  type="password"
                  value=""
                />
                <TextFieldGroup
                  name="password2"
                  onChange={[Function]}
                  placeholder="Confirm Password"
                  type="password"
                  value=""
                />
                <input
                  className="btn btn-info btn-block mt-4"
                  type="submit"
                />
              </form>,
            ],
            "className": "col-md-8 m-auto",
          },
          "ref": null,
          "rendered": Array [
            Object {
              "instance": null,
              "key": undefined,
              "nodeType": "host",
              "props": Object {
                "children": "Sign Up",
                "className": "display-4 text-center",
              },
              "ref": null,
              "rendered": "Sign Up",
              "type": "h1",
            },
            Object {
              "instance": null,
              "key": undefined,
              "nodeType": "host",
              "props": Object {
                "children": "Create your DevConnector account",
                "className": "lead text-center",
              },
              "ref": null,
              "rendered": "Create your DevConnector account",
              "type": "p",
            },
            Object {
              "instance": null,
              "key": undefined,
              "nodeType": "host",
              "props": Object {
                "children": Array [
                  <TextFieldGroup
                    name="name"
                    onChange={[Function]}
                    placeholder="Name"
                    type="name"
                    value=""
                  />,
                  <TextFieldGroup
                    info="This site uses Gravatar so if you want a profile image, use a Gravatar email"
                    name="email"
                    onChange={[Function]}
                    placeholder="Email Address"
                    type="email"
                    value=""
                  />,
                  <TextFieldGroup
                    name="password"
                    onChange={[Function]}
                    placeholder="Password"
                    type="password"
                    value=""
                  />,
                  <TextFieldGroup
                    name="password2"
                    onChange={[Function]}
                    placeholder="Confirm Password"
                    type="password"
                    value=""
                  />,
                  <input
                    className="btn btn-info btn-block mt-4"
                    type="submit"
                  />,
                ],
                "noValidate": true,
                "onSubmit": undefined,
              },
              "ref": null,
              "rendered": Array [
                Object {
                  "instance": null,
                  "key": undefined,
                  "nodeType": "function",
                  "props": Object {
                    "error": undefined,
                    "name": "name",
                    "onChange": [Function],
                    "placeholder": "Name",
                    "type": "name",
                    "value": "",
                  },
                  "ref": null,
                  "rendered": null,
                  "type": [Function],
                },
                Object {
                  "instance": null,
                  "key": undefined,
                  "nodeType": "function",
                  "props": Object {
                    "error": undefined,
                    "info": "This site uses Gravatar so if you want a profile image, use a Gravatar email",
                    "name": "email",
                    "onChange": [Function],
                    "placeholder": "Email Address",
                    "type": "email",
                    "value": "",
                  },
                  "ref": null,
                  "rendered": null,
                  "type": [Function],
                },
                Object {
                  "instance": null,
                  "key": undefined,
                  "nodeType": "function",
                  "props": Object {
                    "error": undefined,
                    "name": "password",
                    "onChange": [Function],
                    "placeholder": "Password",
                    "type": "password",
                    "value": "",
                  },
                  "ref": null,
                  "rendered": null,
                  "type": [Function],
                },
                Object {
                  "instance": null,
                  "key": undefined,
                  "nodeType": "function",
                  "props": Object {
                    "error": undefined,
                    "name": "password2",
                    "onChange": [Function],
                    "placeholder": "Confirm Password",
                    "type": "password",
                    "value": "",
                  },
                  "ref": null,
                  "rendered": null,
                  "type": [Function],
                },
                Object {
                  "instance": null,
                  "key": undefined,
                  "nodeType": "host",
                  "props": Object {
                    "className": "btn btn-info btn-block mt-4",
                    "type": "submit",
                  },
                  "ref": null,
                  "rendered": null,
                  "type": "input",
                },
              ],
              "type": "form",
            },
          ],
          "type": "div",
        },
        "type": "div",
      },
      "type": "div",
    },
    "type": "div",
  },
  Symbol(enzyme.__nodes__): Array [
    Object {
      "instance": null,
      "key": undefined,
      "nodeType": "host",
      "props": Object {
        "children": <div
          className="container"
        >
          <div
            className="row"
          >
            <div
              className="col-md-8 m-auto"
            >
              <h1
                className="display-4 text-center"
              >
                Sign Up
              </h1>
              <p
                className="lead text-center"
              >
                Create your DevConnector account
              </p>
              <form
                noValidate={true}
              >
                <TextFieldGroup
                  name="name"
                  onChange={[Function]}
                  placeholder="Name"
                  type="name"
                  value=""
                />
                <TextFieldGroup
                  info="This site uses Gravatar so if you want a profile image, use a Gravatar email"
                  name="email"
                  onChange={[Function]}
                  placeholder="Email Address"
                  type="email"
                  value=""
                />
                <TextFieldGroup
                  name="password"
                  onChange={[Function]}
                  placeholder="Password"
                  type="password"
                  value=""
                />
                <TextFieldGroup
                  name="password2"
                  onChange={[Function]}
                  placeholder="Confirm Password"
                  type="password"
                  value=""
                />
                <input
                  className="btn btn-info btn-block mt-4"
                  type="submit"
                />
              </form>
            </div>
          </div>
        </div>,
        "className": "register",
      },
      "ref": null,
      "rendered": Object {
        "instance": null,
        "key": undefined,
        "nodeType": "host",
        "props": Object {
          "children": <div
            className="row"
          >
            <div
              className="col-md-8 m-auto"
            >
              <h1
                className="display-4 text-center"
              >
                Sign Up
              </h1>
              <p
                className="lead text-center"
              >
                Create your DevConnector account
              </p>
              <form
                noValidate={true}
              >
                <TextFieldGroup
                  name="name"
                  onChange={[Function]}
                  placeholder="Name"
                  type="name"
                  value=""
                />
                <TextFieldGroup
                  info="This site uses Gravatar so if you want a profile image, use a Gravatar email"
                  name="email"
                  onChange={[Function]}
                  placeholder="Email Address"
                  type="email"
                  value=""
                />
                <TextFieldGroup
                  name="password"
                  onChange={[Function]}
                  placeholder="Password"
                  type="password"
                  value=""
                />
                <TextFieldGroup
                  name="password2"
                  onChange={[Function]}
                  placeholder="Confirm Password"
                  type="password"
                  value=""
                />
                <input
                  className="btn btn-info btn-block mt-4"
                  type="submit"
                />
              </form>
            </div>
          </div>,
          "className": "container",
        },
        "ref": null,
        "rendered": Object {
          "instance": null,
          "key": undefined,
          "nodeType": "host",
          "props": Object {
            "children": <div
              className="col-md-8 m-auto"
            >
              <h1
                className="display-4 text-center"
              >
                Sign Up
              </h1>
              <p
                className="lead text-center"
              >
                Create your DevConnector account
              </p>
              <form
                noValidate={true}
              >
                <TextFieldGroup
                  name="name"
                  onChange={[Function]}
                  placeholder="Name"
                  type="name"
                  value=""
                />
                <TextFieldGroup
                  info="This site uses Gravatar so if you want a profile image, use a Gravatar email"
                  name="email"
                  onChange={[Function]}
                  placeholder="Email Address"
                  type="email"
                  value=""
                />
                <TextFieldGroup
                  name="password"
                  onChange={[Function]}
                  placeholder="Password"
                  type="password"
                  value=""
                />
                <TextFieldGroup
                  name="password2"
                  onChange={[Function]}
                  placeholder="Confirm Password"
                  type="password"
                  value=""
                />
                <input
                  className="btn btn-info btn-block mt-4"
                  type="submit"
                />
              </form>
            </div>,
            "className": "row",
          },
          "ref": null,
          "rendered": Object {
            "instance": null,
            "key": undefined,
            "nodeType": "host",
            "props": Object {
              "children": Array [
                <h1
                  className="display-4 text-center"
                >
                  Sign Up
                </h1>,
                <p
                  className="lead text-center"
                >
                  Create your DevConnector account
                </p>,
                <form
                  noValidate={true}
                >
                  <TextFieldGroup
                    name="name"
                    onChange={[Function]}
                    placeholder="Name"
                    type="name"
                    value=""
                  />
                  <TextFieldGroup
                    info="This site uses Gravatar so if you want a profile image, use a Gravatar email"
                    name="email"
                    onChange={[Function]}
                    placeholder="Email Address"
                    type="email"
                    value=""
                  />
                  <TextFieldGroup
                    name="password"
                    onChange={[Function]}
                    placeholder="Password"
                    type="password"
                    value=""
                  />
                  <TextFieldGroup
                    name="password2"
                    onChange={[Function]}
                    placeholder="Confirm Password"
                    type="password"
                    value=""
                  />
                  <input
                    className="btn btn-info btn-block mt-4"
                    type="submit"
                  />
                </form>,
              ],
              "className": "col-md-8 m-auto",
            },
            "ref": null,
            "rendered": Array [
              Object {
                "instance": null,
                "key": undefined,
                "nodeType": "host",
                "props": Object {
                  "children": "Sign Up",
                  "className": "display-4 text-center",
                },
                "ref": null,
                "rendered": "Sign Up",
                "type": "h1",
              },
              Object {
                "instance": null,
                "key": undefined,
                "nodeType": "host",
                "props": Object {
                  "children": "Create your DevConnector account",
                  "className": "lead text-center",
                },
                "ref": null,
                "rendered": "Create your DevConnector account",
                "type": "p",
              },
              Object {
                "instance": null,
                "key": undefined,
                "nodeType": "host",
                "props": Object {
                  "children": Array [
                    <TextFieldGroup
                      name="name"
                      onChange={[Function]}
                      placeholder="Name"
                      type="name"
                      value=""
                    />,
                    <TextFieldGroup
                      info="This site uses Gravatar so if you want a profile image, use a Gravatar email"
                      name="email"
                      onChange={[Function]}
                      placeholder="Email Address"
                      type="email"
                      value=""
                    />,
                    <TextFieldGroup
                      name="password"
                      onChange={[Function]}
                      placeholder="Password"
                      type="password"
                      value=""
                    />,
                    <TextFieldGroup
                      name="password2"
                      onChange={[Function]}
                      placeholder="Confirm Password"
                      type="password"
                      value=""
                    />,
                    <input
                      className="btn btn-info btn-block mt-4"
                      type="submit"
                    />,
                  ],
                  "noValidate": true,
                  "onSubmit": undefined,
                },
                "ref": null,
                "rendered": Array [
                  Object {
                    "instance": null,
                    "key": undefined,
                    "nodeType": "function",
                    "props": Object {
                      "error": undefined,
                      "name": "name",
                      "onChange": [Function],
                      "placeholder": "Name",
                      "type": "name",
                      "value": "",
                    },
                    "ref": null,
                    "rendered": null,
                    "type": [Function],
                  },
                  Object {
                    "instance": null,
                    "key": undefined,
                    "nodeType": "function",
                    "props": Object {
                      "error": undefined,
                      "info": "This site uses Gravatar so if you want a profile image, use a Gravatar email",
                      "name": "email",
                      "onChange": [Function],
                      "placeholder": "Email Address",
                      "type": "email",
                      "value": "",
                    },
                    "ref": null,
                    "rendered": null,
                    "type": [Function],
                  },
                  Object {
                    "instance": null,
                    "key": undefined,
                    "nodeType": "function",
                    "props": Object {
                      "error": undefined,
                      "name": "password",
                      "onChange": [Function],
                      "placeholder": "Password",
                      "type": "password",
                      "value": "",
                    },
                    "ref": null,
                    "rendered": null,
                    "type": [Function],
                  },
                  Object {
                    "instance": null,
                    "key": undefined,
                    "nodeType": "function",
                    "props": Object {
                      "error": undefined,
                      "name": "password2",
                      "onChange": [Function],
                      "placeholder": "Confirm Password",
                      "type": "password",
                      "value": "",
                    },
                    "ref": null,
                    "rendered": null,
                    "type": [Function],
                  },
                  Object {
                    "instance": null,
                    "key": undefined,
                    "nodeType": "host",
                    "props": Object {
                      "className": "btn btn-info btn-block mt-4",
                      "type": "submit",
                    },
                    "ref": null,
                    "rendered": null,
                    "type": "input",
                  },
                ],
                "type": "form",
              },
            ],
            "type": "div",
          },
          "type": "div",
        },
        "type": "div",
      },
      "type": "div",
    },
  ],
  Symbol(enzyme.__options__): Object {
    "adapter": ReactSixteenAdapter {
      "options": Object {
        "enableComponentDidUpdateOnSetState": true,
        "lifecycles": Object {
          "componentDidUpdate": Object {
            "onSetState": true,
          },
          "getDerivedStateFromProps": true,
          "getSnapshotBeforeUpdate": true,
          "setState": Object {
            "skipsComponentDidUpdateOnNullish": true,
          },
        },
      },
    },
  },
}
`;
