// Jest Snapshot v1, https://goo.gl/fbAQLP

exports[`Post Item Component should render correctly 1`] = `
ShallowWrapper {
  Symbol(enzyme.__root__): [Circular],
  Symbol(enzyme.__unrendered__): <PostItem
    deletePost={[MockFunction]}
    name="test"
    post={[MockFunction]}
  />,
  Symbol(enzyme.__renderer__): Object {
    "batchedUpdates": [Function],
    "getNode": [Function],
    "render": [Function],
    "simulateError": [Function],
    "simulateEvent": [Function],
    "unmount": [Function],
  },
  Symbol(enzyme.__node__): Object {
    "instance": null,
    "key": undefined,
    "nodeType": "host",
    "props": Object {
      "children": Array [
        <div>
          <p>
            Posted By: 
            mockConstructor
          </p>
        </div>,
        <div>
          <p />
          <Link
            className="item-comments button-small"
            replace={false}
            to="/post/undefined"
          >
            Comments
          </Link>
          <button
            className="button-delete button-small item-delete"
            onClick={[Function]}
            type="button"
          >
            Delete Post
          </button>
        </div>,
      ],
      "className": "feed-container",
    },
    "ref": null,
    "rendered": Array [
      Object {
        "instance": null,
        "key": undefined,
        "nodeType": "host",
        "props": Object {
          "children": <p>
            Posted By: 
            mockConstructor
          </p>,
        },
        "ref": null,
        "rendered": Object {
          "instance": null,
          "key": undefined,
          "nodeType": "host",
          "props": Object {
            "children": Array [
              "Posted By: ",
              "mockConstructor",
            ],
          },
          "ref": null,
          "rendered": Array [
            "Posted By: ",
            "mockConstructor",
          ],
          "type": "p",
        },
        "type": "div",
      },
      Object {
        "instance": null,
        "key": undefined,
        "nodeType": "host",
        "props": Object {
          "children": Array [
            <p />,
            <Link
              className="item-comments button-small"
              replace={false}
              to="/post/undefined"
            >
              Comments
            </Link>,
            <button
              className="button-delete button-small item-delete"
              onClick={[Function]}
              type="button"
            >
              Delete Post
            </button>,
          ],
        },
        "ref": null,
        "rendered": Array [
          Object {
            "instance": null,
            "key": undefined,
            "nodeType": "host",
            "props": Object {
              "children": undefined,
            },
            "ref": null,
            "rendered": null,
            "type": "p",
          },
          Object {
            "instance": null,
            "key": undefined,
            "nodeType": "class",
            "props": Object {
              "children": "Comments",
              "className": "item-comments button-small",
              "replace": false,
              "to": "/post/undefined",
            },
            "ref": null,
            "rendered": "Comments",
            "type": [Function],
          },
          Object {
            "instance": null,
            "key": undefined,
            "nodeType": "host",
            "props": Object {
              "children": "Delete Post",
              "className": "button-delete button-small item-delete",
              "onClick": [Function],
              "type": "button",
            },
            "ref": null,
            "rendered": "Delete Post",
            "type": "button",
          },
        ],
        "type": "div",
      },
    ],
    "type": "div",
  },
  Symbol(enzyme.__nodes__): Array [
    Object {
      "instance": null,
      "key": undefined,
      "nodeType": "host",
      "props": Object {
        "children": Array [
          <div>
            <p>
              Posted By: 
              mockConstructor
            </p>
          </div>,
          <div>
            <p />
            <Link
              className="item-comments button-small"
              replace={false}
              to="/post/undefined"
            >
              Comments
            </Link>
            <button
              className="button-delete button-small item-delete"
              onClick={[Function]}
              type="button"
            >
              Delete Post
            </button>
          </div>,
        ],
        "className": "feed-container",
      },
      "ref": null,
      "rendered": Array [
        Object {
          "instance": null,
          "key": undefined,
          "nodeType": "host",
          "props": Object {
            "children": <p>
              Posted By: 
              mockConstructor
            </p>,
          },
          "ref": null,
          "rendered": Object {
            "instance": null,
            "key": undefined,
            "nodeType": "host",
            "props": Object {
              "children": Array [
                "Posted By: ",
                "mockConstructor",
              ],
            },
            "ref": null,
            "rendered": Array [
              "Posted By: ",
              "mockConstructor",
            ],
            "type": "p",
          },
          "type": "div",
        },
        Object {
          "instance": null,
          "key": undefined,
          "nodeType": "host",
          "props": Object {
            "children": Array [
              <p />,
              <Link
                className="item-comments button-small"
                replace={false}
                to="/post/undefined"
              >
                Comments
              </Link>,
              <button
                className="button-delete button-small item-delete"
                onClick={[Function]}
                type="button"
              >
                Delete Post
              </button>,
            ],
          },
          "ref": null,
          "rendered": Array [
            Object {
              "instance": null,
              "key": undefined,
              "nodeType": "host",
              "props": Object {
                "children": undefined,
              },
              "ref": null,
              "rendered": null,
              "type": "p",
            },
            Object {
              "instance": null,
              "key": undefined,
              "nodeType": "class",
              "props": Object {
                "children": "Comments",
                "className": "item-comments button-small",
                "replace": false,
                "to": "/post/undefined",
              },
              "ref": null,
              "rendered": "Comments",
              "type": [Function],
            },
            Object {
              "instance": null,
              "key": undefined,
              "nodeType": "host",
              "props": Object {
                "children": "Delete Post",
                "className": "button-delete button-small item-delete",
                "onClick": [Function],
                "type": "button",
              },
              "ref": null,
              "rendered": "Delete Post",
              "type": "button",
            },
          ],
          "type": "div",
        },
      ],
      "type": "div",
    },
  ],
  Symbol(enzyme.__options__): Object {
    "adapter": ReactSixteenAdapter {
      "options": Object {
        "enableComponentDidUpdateOnSetState": true,
        "lifecycles": Object {
          "componentDidUpdate": Object {
            "onSetState": true,
          },
          "getDerivedStateFromProps": true,
          "getSnapshotBeforeUpdate": true,
          "setState": Object {
            "skipsComponentDidUpdateOnNullish": true,
          },
        },
      },
    },
  },
}
`;
