// Jest Snapshot v1, https://goo.gl/fbAQLP

exports[`Member Photo Item should render correctly 1`] = `
ShallowWrapper {
  Symbol(enzyme.__root__): [Circular],
  Symbol(enzyme.__unrendered__): <MemberPhotoItem
    onUploadDelete={[MockFunction]}
  />,
  Symbol(enzyme.__renderer__): Object {
    "batchedUpdates": [Function],
    "getNode": [Function],
    "render": [Function],
    "simulateError": [Function],
    "simulateEvent": [Function],
    "unmount": [Function],
  },
  Symbol(enzyme.__node__): Object {
    "instance": null,
    "key": undefined,
    "nodeType": "host",
    "props": Object {
      "children": Array [
        <img
          alt="photoU"
          className="image-item"
          src="uploads/undefined"
        />,
        <div />,
        <button
          className="button-small photo-button"
        >
          View Photo
        </button>,
        <button
          className="button-small photo-button"
          onClick={[MockFunction]}
        >
          Delete Photo
        </button>,
      ],
      "className": "image-frame",
    },
    "ref": null,
    "rendered": Array [
      Object {
        "instance": null,
        "key": undefined,
        "nodeType": "host",
        "props": Object {
          "alt": "photoU",
          "className": "image-item",
          "src": "uploads/undefined",
        },
        "ref": null,
        "rendered": null,
        "type": "img",
      },
      Object {
        "instance": null,
        "key": undefined,
        "nodeType": "host",
        "props": Object {
          "children": undefined,
        },
        "ref": null,
        "rendered": null,
        "type": "div",
      },
      Object {
        "instance": null,
        "key": undefined,
        "nodeType": "host",
        "props": Object {
          "children": "View Photo",
          "className": "button-small photo-button",
          "onClick": undefined,
        },
        "ref": null,
        "rendered": "View Photo",
        "type": "button",
      },
      Object {
        "instance": null,
        "key": undefined,
        "nodeType": "host",
        "props": Object {
          "children": "Delete Photo",
          "className": "button-small photo-button",
          "onClick": [MockFunction],
        },
        "ref": null,
        "rendered": "Delete Photo",
        "type": "button",
      },
    ],
    "type": "div",
  },
  Symbol(enzyme.__nodes__): Array [
    Object {
      "instance": null,
      "key": undefined,
      "nodeType": "host",
      "props": Object {
        "children": Array [
          <img
            alt="photoU"
            className="image-item"
            src="uploads/undefined"
          />,
          <div />,
          <button
            className="button-small photo-button"
          >
            View Photo
          </button>,
          <button
            className="button-small photo-button"
            onClick={[MockFunction]}
          >
            Delete Photo
          </button>,
        ],
        "className": "image-frame",
      },
      "ref": null,
      "rendered": Array [
        Object {
          "instance": null,
          "key": undefined,
          "nodeType": "host",
          "props": Object {
            "alt": "photoU",
            "className": "image-item",
            "src": "uploads/undefined",
          },
          "ref": null,
          "rendered": null,
          "type": "img",
        },
        Object {
          "instance": null,
          "key": undefined,
          "nodeType": "host",
          "props": Object {
            "children": undefined,
          },
          "ref": null,
          "rendered": null,
          "type": "div",
        },
        Object {
          "instance": null,
          "key": undefined,
          "nodeType": "host",
          "props": Object {
            "children": "View Photo",
            "className": "button-small photo-button",
            "onClick": undefined,
          },
          "ref": null,
          "rendered": "View Photo",
          "type": "button",
        },
        Object {
          "instance": null,
          "key": undefined,
          "nodeType": "host",
          "props": Object {
            "children": "Delete Photo",
            "className": "button-small photo-button",
            "onClick": [MockFunction],
          },
          "ref": null,
          "rendered": "Delete Photo",
          "type": "button",
        },
      ],
      "type": "div",
    },
  ],
  Symbol(enzyme.__options__): Object {
    "adapter": ReactSixteenAdapter {
      "options": Object {
        "enableComponentDidUpdateOnSetState": true,
        "lifecycles": Object {
          "componentDidUpdate": Object {
            "onSetState": true,
          },
          "getDerivedStateFromProps": true,
          "getSnapshotBeforeUpdate": true,
          "setState": Object {
            "skipsComponentDidUpdateOnNullish": true,
          },
        },
      },
    },
  },
}
`;
